Archive member included to satisfy reference by file (symbol)

e:/iti/02- tools/03- imt sdk/imt_sdk_win_64/imt_sdk_win_64/winarm/armgcc/bin/../lib/gcc/arm-none-eabi/10.3.1/thumb/v7e-m/nofp\libgcc.a(_arm_muldf3.o)
                              ./My_Include/03-MCAL/MUSART/MUSART_Program.o (__aeabi_dmul)
e:/iti/02- tools/03- imt sdk/imt_sdk_win_64/imt_sdk_win_64/winarm/armgcc/bin/../lib/gcc/arm-none-eabi/10.3.1/thumb/v7e-m/nofp\libgcc.a(_arm_addsubdf3.o)
                              ./My_Include/03-MCAL/MUSART/MUSART_Program.o (__aeabi_dsub)
e:/iti/02- tools/03- imt sdk/imt_sdk_win_64/imt_sdk_win_64/winarm/armgcc/bin/../lib/gcc/arm-none-eabi/10.3.1/thumb/v7e-m/nofp\libgcc.a(_arm_muldivdf3.o)
                              ./My_Include/03-MCAL/MUSART/MUSART_Program.o (__aeabi_ddiv)
e:/iti/02- tools/03- imt sdk/imt_sdk_win_64/imt_sdk_win_64/winarm/armgcc/bin/../lib/gcc/arm-none-eabi/10.3.1/thumb/v7e-m/nofp\libgcc.a(_arm_fixunsdfsi.o)
                              ./My_Include/03-MCAL/MUSART/MUSART_Program.o (__aeabi_d2uiz)
e:/iti/02- tools/03- imt sdk/imt_sdk_win_64/imt_sdk_win_64/winarm/armgcc/bin/../lib/gcc/arm-none-eabi/10.3.1/thumb/v7e-m/nofp\libgcc.a(_aeabi_uldivmod.o)
                              ./system/src/stm32f4-hal/stm32f4xx_hal_rcc.o (__aeabi_uldivmod)
e:/iti/02- tools/03- imt sdk/imt_sdk_win_64/imt_sdk_win_64/winarm/armgcc/bin/../lib/gcc/arm-none-eabi/10.3.1/thumb/v7e-m/nofp\libgcc.a(_udivmoddi4.o)
                              e:/iti/02- tools/03- imt sdk/imt_sdk_win_64/imt_sdk_win_64/winarm/armgcc/bin/../lib/gcc/arm-none-eabi/10.3.1/thumb/v7e-m/nofp\libgcc.a(_aeabi_uldivmod.o) (__udivmoddi4)
e:/iti/02- tools/03- imt sdk/imt_sdk_win_64/imt_sdk_win_64/winarm/armgcc/bin/../lib/gcc/arm-none-eabi/10.3.1/thumb/v7e-m/nofp\libgcc.a(_dvmd_tls.o)
                              e:/iti/02- tools/03- imt sdk/imt_sdk_win_64/imt_sdk_win_64/winarm/armgcc/bin/../lib/gcc/arm-none-eabi/10.3.1/thumb/v7e-m/nofp\libgcc.a(_aeabi_uldivmod.o) (__aeabi_ldiv0)
e:/iti/02- tools/03- imt sdk/imt_sdk_win_64/imt_sdk_win_64/winarm/armgcc/bin/../lib/gcc/arm-none-eabi/10.3.1/../../../../arm-none-eabi/lib/thumb/v7e-m/nofp\libg_nano.a(lib_a-errno.o)
                              ./system/src/newlib/sbrk.o (__errno)
e:/iti/02- tools/03- imt sdk/imt_sdk_win_64/imt_sdk_win_64/winarm/armgcc/bin/../lib/gcc/arm-none-eabi/10.3.1/../../../../arm-none-eabi/lib/thumb/v7e-m/nofp\libg_nano.a(lib_a-impure.o)
                              e:/iti/02- tools/03- imt sdk/imt_sdk_win_64/imt_sdk_win_64/winarm/armgcc/bin/../lib/gcc/arm-none-eabi/10.3.1/../../../../arm-none-eabi/lib/thumb/v7e-m/nofp\libg_nano.a(lib_a-errno.o) (_impure_ptr)
e:/iti/02- tools/03- imt sdk/imt_sdk_win_64/imt_sdk_win_64/winarm/armgcc/bin/../lib/gcc/arm-none-eabi/10.3.1/../../../../arm-none-eabi/lib/thumb/v7e-m/nofp\libg_nano.a(lib_a-memset.o)
                              ./src/main.o (memset)
e:/iti/02- tools/03- imt sdk/imt_sdk_win_64/imt_sdk_win_64/winarm/armgcc/bin/../lib/gcc/arm-none-eabi/10.3.1/../../../../arm-none-eabi/lib/thumb/v7e-m/nofp\libg_nano.a(lib_a-strlen.o)
                              ./system/src/diag/trace.o (strlen)
e:/iti/02- tools/03- imt sdk/imt_sdk_win_64/imt_sdk_win_64/winarm/armgcc/bin/../lib/gcc/arm-none-eabi/10.3.1/../../../../arm-none-eabi/lib/thumb/v7e-m/nofp\libg_nano.a(lib_a-vsnprintf.o)
                              ./system/src/diag/trace.o (vsnprintf)
e:/iti/02- tools/03- imt sdk/imt_sdk_win_64/imt_sdk_win_64/winarm/armgcc/bin/../lib/gcc/arm-none-eabi/10.3.1/../../../../arm-none-eabi/lib/thumb/v7e-m/nofp\libg_nano.a(lib_a-nano-svfprintf.o)
                              e:/iti/02- tools/03- imt sdk/imt_sdk_win_64/imt_sdk_win_64/winarm/armgcc/bin/../lib/gcc/arm-none-eabi/10.3.1/../../../../arm-none-eabi/lib/thumb/v7e-m/nofp\libg_nano.a(lib_a-vsnprintf.o) (_svfprintf_r)
e:/iti/02- tools/03- imt sdk/imt_sdk_win_64/imt_sdk_win_64/winarm/armgcc/bin/../lib/gcc/arm-none-eabi/10.3.1/../../../../arm-none-eabi/lib/thumb/v7e-m/nofp\libg_nano.a(lib_a-nano-vfprintf_i.o)
                              e:/iti/02- tools/03- imt sdk/imt_sdk_win_64/imt_sdk_win_64/winarm/armgcc/bin/../lib/gcc/arm-none-eabi/10.3.1/../../../../arm-none-eabi/lib/thumb/v7e-m/nofp\libg_nano.a(lib_a-nano-svfprintf.o) (_printf_i)
e:/iti/02- tools/03- imt sdk/imt_sdk_win_64/imt_sdk_win_64/winarm/armgcc/bin/../lib/gcc/arm-none-eabi/10.3.1/../../../../arm-none-eabi/lib/thumb/v7e-m/nofp\libg_nano.a(lib_a-memchr.o)
                              e:/iti/02- tools/03- imt sdk/imt_sdk_win_64/imt_sdk_win_64/winarm/armgcc/bin/../lib/gcc/arm-none-eabi/10.3.1/../../../../arm-none-eabi/lib/thumb/v7e-m/nofp\libg_nano.a(lib_a-nano-svfprintf.o) (memchr)
e:/iti/02- tools/03- imt sdk/imt_sdk_win_64/imt_sdk_win_64/winarm/armgcc/bin/../lib/gcc/arm-none-eabi/10.3.1/../../../../arm-none-eabi/lib/thumb/v7e-m/nofp\libg_nano.a(lib_a-memcpy-stub.o)
[...]
Memory Configuration

Name             Origin             Length             Attributes
RAM              0x20000000         0x00010000         xrw
CCMRAM           0x10000000         0x00000000         xrw
FLASH            0x08000000         0x00008000         xr
FLASHB1          0x00000000         0x00000000         xr
EXTMEMB0         0x00000000         0x00000000         xr
EXTMEMB1         0x00000000         0x00000000         xr
EXTMEMB2         0x00000000         0x00000000         xr
EXTMEMB3         0x00000000         0x00000000         xr
*default*        0x00000000         0xffffffff

Linker script and memory map

LOAD ./system/src/stm32f4-hal/stm32f4xx_hal.o
LOAD ./system/src/stm32f4-hal/stm32f4xx_hal_cortex.o
LOAD ./system/src/stm32f4-hal/stm32f4xx_hal_flash.o
LOAD ./system/src/stm32f4-hal/stm32f4xx_hal_flash_ex.o
LOAD ./system/src/stm32f4-hal/stm32f4xx_hal_flash_ramfunc.o
LOAD ./system/src/stm32f4-hal/stm32f4xx_hal_gpio.o
LOAD ./system/src/stm32f4-hal/stm32f4xx_hal_iwdg.o
LOAD ./system/src/stm32f4-hal/stm32f4xx_hal_pwr.o
LOAD ./system/src/stm32f4-hal/stm32f4xx_hal_rcc.o
LOAD ./system/src/newlib/assert.o
LOAD ./system/src/newlib/cxx.o
LOAD ./system/src/newlib/exit.o
LOAD ./system/src/newlib/sbrk.o
LOAD ./system/src/newlib/startup.o
LOAD ./system/src/newlib/syscalls.o
LOAD ./system/src/diag/trace-impl.o
LOAD ./system/src/diag/trace.o
LOAD ./system/src/cortexm/exception-handlers.o
LOAD ./system/src/cortexm/initialize-hardware.o
LOAD ./system/src/cortexm/reset-hardware.o
LOAD ./system/src/cmsis/system_stm32f4xx.o
LOAD ./system/src/cmsis/vectors_stm32f401xc.o
LOAD ./src/MyTasks.o
LOAD ./src/main.o
LOAD ./src/stm32f4xx_hal_msp.o
LOAD ./My_Include/03-MCAL/MUSART/MUSART_Program.o
LOAD ./My_Include/03-MCAL/MSTK/MSTK_Program.o
LOAD ./My_Include/03-MCAL/MRCC/MRCC_Program.o
LOAD ./My_Include/03-MCAL/MNVIC/NVIC_PROG.o
LOAD ./My_Include/03-MCAL/MGPIO/MGPIO_Program.o
LOAD ./My_Include/03-MCAL/MFLASH/FLASH_SECTOR_F4.o
LOAD ./My_Include/03-MCAL/MEXTI/MEXTI_Config.o
LOAD ./My_Include/03-MCAL/MEXTI/MEXTI_Program.o
LOAD ./My_Include/02-HAL/flash_programmer/flash_programmer.o
LOAD e:/iti/02- tools/03- imt sdk/imt_sdk_win_64/imt_sdk_win_64/winarm/armgcc/bin/../lib/gcc/arm-none-eabi/10.3.1/../../../../arm-none-eabi/lib/thumb/v7e-m/nofp\libstdc++_nano.a
LOAD e:/iti/02- tools/03- imt sdk/imt_sdk_win_64/imt_sdk_win_64/winarm/armgcc/bin/../lib/gcc/arm-none-eabi/10.3.1/../../../../arm-none-eabi/lib/thumb/v7e-m/nofp\libm.a
START GROUP
LOAD e:/iti/02- tools/03- imt sdk/imt_sdk_win_64/imt_sdk_win_64/winarm/armgcc/bin/../lib/gcc/arm-none-eabi/10.3.1/thumb/v7e-m/nofp\libgcc.a
LOAD e:/iti/02- tools/03- imt sdk/imt_sdk_win_64/imt_sdk_win_64/winarm/armgcc/bin/../lib/gcc/arm-none-eabi/10.3.1/../../../../arm-none-eabi/lib/thumb/v7e-m/nofp\libg_nano.a
LOAD e:/iti/02- tools/03- imt sdk/imt_sdk_win_64/imt_sdk_win_64/winarm/armgcc/bin/../lib/gcc/arm-none-eabi/10.3.1/../../../../arm-none-eabi/lib/thumb/v7e-m/nofp\libc_nano.a
END GROUP
START GROUP
LOAD e:/iti/02- tools/03- imt sdk/imt_sdk_win_64/imt_sdk_win_64/winarm/armgcc/bin/../lib/gcc/arm-none-eabi/10.3.1/thumb/v7e-m/nofp\libgcc.a
LOAD e:/iti/02- tools/03- imt sdk/imt_sdk_win_64/imt_sdk_win_64/winarm/armgcc/bin/../lib/gcc/arm-none-eabi/10.3.1/../../../../arm-none-eabi/lib/thumb/v7e-m/nofp\libc_nano.a
END GROUP
                0x20010000                __stack = (ORIGIN (RAM) + LENGTH (RAM))
                0x20010000                _estack = __stack
                0x00000400                __Main_Stack_Size = 0x400
                [!provide]                PROVIDE (_Main_Stack_Size = __Main_Stack_Size)
                0x2000fc00                __Main_Stack_Limit = (__stack - __Main_Stack_Size)
                [!provide]                PROVIDE (_Main_Stack_Limit = __Main_Stack_Limit)
                0x00000100                _Minimum_Stack_Size = 0x100
                0x20000148                PROVIDE (_Heap_Begin = _end_noinit)
                0x2000fc00                PROVIDE (_Heap_Limit = (__stack - __Main_Stack_Size))

.isr_vector     0x08000000      0x3f4
 FILL mask 0xff
                0x08000000                __vectors_start = ABSOLUTE (.)
                0x08000000                __vectors_start__ = ABSOLUTE (.)
 *(.isr_vector)
 .isr_vector    0x08000000      0x194 ./system/src/cmsis/vectors_stm32f401xc.o
                0x08000000                __isr_vectors
 *(.cfmconfig)
 *(.after_vectors .after_vectors.*)
 .after_vectors
                0x08000194      0x130 ./system/src/newlib/startup.o
                0x08000194                _start
 .after_vectors
                0x080002c4      0x12c ./system/src/cortexm/exception-handlers.o
                0x080002c4                Reset_Handler
                0x080002ca                NMI_Handler
                0x080002ce                HardFault_Handler
                0x080002e2                HardFault_Handler_C
                0x08000340                MemManage_Handler
                0x08000344                BusFault_Handler
                0x08000358                BusFault_Handler_C
                0x0800038c                UsageFault_Handler
                0x080003a0                UsageFault_Handler_C
                0x080003d4                SVC_Handler
                0x080003d8                DebugMon_Handler
                0x080003dc                PendSV_Handler
 .after_vectors
                0x080003f0        0x4 ./system/src/cmsis/vectors_stm32f401xc.o
                0x080003f0                RTC_Alarm_IRQHandler
                0x080003f0                EXTI2_IRQHandler
                0x080003f0                SPI4_IRQHandler
                0x080003f0                TIM1_CC_IRQHandler
                0x080003f0                DMA2_Stream5_IRQHandler
                0x080003f0                DMA1_Stream5_IRQHandler
                0x080003f0                PVD_IRQHandler
                0x080003f0                SDIO_IRQHandler
                0x080003f0                TAMP_STAMP_IRQHandler
                0x080003f0                EXTI3_IRQHandler
                0x080003f0                TIM1_UP_TIM10_IRQHandler
                0x080003f0                I2C3_ER_IRQHandler
                0x080003f0                EXTI0_IRQHandler
                0x080003f0                I2C2_EV_IRQHandler
                0x080003f0                DMA1_Stream2_IRQHandler
                0x080003f0                FPU_IRQHandler
                0x080003f0                DMA2_Stream2_IRQHandler
                0x080003f0                SPI1_IRQHandler
                0x080003f0                TIM1_BRK_TIM9_IRQHandler
                0x080003f0                DMA2_Stream3_IRQHandler
                0x080003f0                USART6_IRQHandler
                0x080003f0                DMA2_Stream0_IRQHandler
                0x080003f0                TIM4_IRQHandler
                0x080003f0                I2C1_EV_IRQHandler
                0x080003f0                DMA1_Stream6_IRQHandler
                0x080003f0                DMA1_Stream1_IRQHandler
                0x080003f0                TIM3_IRQHandler
                0x080003f0                RCC_IRQHandler
                0x080003f0                Default_Handler
                0x080003f0                EXTI15_10_IRQHandler
                0x080003f0                ADC_IRQHandler
                0x080003f0                DMA1_Stream7_IRQHandler
                0x080003f0                TIM5_IRQHandler
                0x080003f0                DMA2_Stream7_IRQHandler
                0x080003f0                I2C3_EV_IRQHandler
                0x080003f0                EXTI9_5_IRQHandler
                0x080003f0                RTC_WKUP_IRQHandler
                0x080003f0                SPI2_IRQHandler
                0x080003f0                DMA1_Stream0_IRQHandler
                0x080003f0                EXTI4_IRQHandler
                0x080003f0                WWDG_IRQHandler
                0x080003f0                TIM2_IRQHandler
                0x080003f0                OTG_FS_WKUP_IRQHandler
                0x080003f0                TIM1_TRG_COM_TIM11_IRQHandler
                0x080003f0                EXTI1_IRQHandler
                0x080003f0                USART2_IRQHandler
                0x080003f0                I2C2_ER_IRQHandler
                0x080003f0                DMA2_Stream1_IRQHandler
                0x080003f0                FLASH_IRQHandler
                0x080003f0                DMA2_Stream4_IRQHandler
                0x080003f0                OTG_FS_IRQHandler
                0x080003f0                SPI3_IRQHandler
                0x080003f0                DMA1_Stream4_IRQHandler
                0x080003f0                I2C1_ER_IRQHandler
                0x080003f0                DMA2_Stream6_IRQHandler
                0x080003f0                DMA1_Stream3_IRQHandler

.inits          0x080003f4       0x28
                0x080003f4                __data_regions_array_start = .
                0x080003f4        0x4 LONG 0x8002564 LOADADDR (.data)
                0x080003f8        0x4 LONG 0x20000000 ADDR (.data)
                0x080003fc        0x4 LONG 0x20000078 (ADDR (.data) + SIZEOF (.data))
                0x08000400        0x4 LONG 0x8002564 LOADADDR (.data_CCMRAM)
                0x08000404        0x4 LONG 0x10000000 ADDR (.data_CCMRAM)
                0x08000408        0x4 LONG 0x10000000 (ADDR (.data_CCMRAM) + SIZEOF (.data_CCMRAM))
                0x0800040c                __data_regions_array_end = .
                0x0800040c                __bss_regions_array_start = .
                0x0800040c        0x4 LONG 0x20000078 ADDR (.bss)
                0x08000410        0x4 LONG 0x20000148 (ADDR (.bss) + SIZEOF (.bss))
                0x08000414        0x4 LONG 0x10000000 ADDR (.bss_CCMRAM)
                0x08000418        0x4 LONG 0x10000000 (ADDR (.bss_CCMRAM) + SIZEOF (.bss_CCMRAM))
                0x0800041c                __bss_regions_array_end = .
 *(.init)
 *(.fini)
                0x0800041c                . = ALIGN (0x4)
                0x0800041c                PROVIDE (__preinit_array_start = .)
 *(.preinit_array_sysinit .preinit_array_sysinit.*)
 *(.preinit_array_platform .preinit_array_platform.*)
 *(.preinit_array .preinit_array.*)
                0x0800041c                PROVIDE (__preinit_array_end = .)
                0x0800041c                . = ALIGN (0x4)
                0x0800041c                PROVIDE (__init_array_start = .)
 *(SORT_BY_NAME(.init_array.*))
 *(.init_array)
                0x0800041c                PROVIDE (__init_array_end = .)
                0x0800041c                . = ALIGN (0x4)
                0x0800041c                PROVIDE (__fini_array_start = .)
 *(SORT_BY_NAME(.fini_array.*))
 *(.fini_array)
                0x0800041c                PROVIDE (__fini_array_end = .)

.flashtext
 *(.flashtext .flashtext.*)

.text           0x08000420     0x2142
 *(.text .text.*)
 .text.HAL_GetTick
                0x08000420        0xc ./system/src/stm32f4-hal/stm32f4xx_hal.o
                0x08000420                HAL_GetTick
 .text.FLASH_SetErrorCode
                0x0800042c       0xa8 ./system/src/stm32f4-hal/stm32f4xx_hal_flash.o
 .text.FLASH_Program_Byte
                0x080004d4       0x4c ./system/src/stm32f4-hal/stm32f4xx_hal_flash.o
 .text.FLASH_Program_HalfWord
                0x08000520       0x50 ./system/src/stm32f4-hal/stm32f4xx_hal_flash.o
 .text.FLASH_Program_Word
                0x08000570       0x50 ./system/src/stm32f4-hal/stm32f4xx_hal_flash.o
 .text.FLASH_Program_DoubleWord
                0x080005c0       0x58 ./system/src/stm32f4-hal/stm32f4xx_hal_flash.o
 .text.HAL_FLASH_Unlock
                0x08000618       0x30 ./system/src/stm32f4-hal/stm32f4xx_hal_flash.o
                0x08000618                HAL_FLASH_Unlock
 .text.HAL_FLASH_Lock
                0x08000648       0x14 ./system/src/stm32f4-hal/stm32f4xx_hal_flash.o
                0x08000648                HAL_FLASH_Lock
 .text.FLASH_WaitForLastOperation
                0x0800065c       0x60 ./system/src/stm32f4-hal/stm32f4xx_hal_flash.o
                0x0800065c                FLASH_WaitForLastOperation
 .text.HAL_FLASH_Program
                0x080006bc       0x8c ./system/src/stm32f4-hal/stm32f4xx_hal_flash.o
                0x080006bc                HAL_FLASH_Program
 .text.FLASH_Erase_Sector
                0x08000748       0x7c ./system/src/stm32f4-hal/stm32f4xx_hal_flash_ex.o
                0x08000748                FLASH_Erase_Sector
 .text.assert_failed
                0x080007c4       0x14 ./system/src/newlib/assert.o
                0x080007c4                assert_failed
 .text._exit    0x080007d8        0x2 ./system/src/newlib/exit.o
                0x080007d8                _exit
 *fill*         0x080007da        0x2 
 .text.abort    0x080007dc       0x14 ./system/src/newlib/exit.o
                0x080007dc                abort
 .text._sbrk    0x080007f0       0x44 ./system/src/newlib/sbrk.o
                0x080007f0                _sbrk
 .text.__initialize_args
                0x08000834       0x10 ./system/src/newlib/syscalls.o
                0x08000834                __initialize_args
 .text._trace_write_semihosting_debug
                0x08000844       0x62 ./system/src/diag/trace-impl.o
 .text.trace_write
                0x080008a6        0x8 ./system/src/diag/trace-impl.o
                0x080008a6                trace_write
 *fill*         0x080008ae        0x2 
 .text.trace_printf
                0x080008b0       0x34 ./system/src/diag/trace.o
                0x080008b0                trace_printf
 .text.trace_puts
                0x080008e4       0x20 ./system/src/diag/trace.o
                0x080008e4                trace_puts
 .text.dumpExceptionStack
                0x08000904       0xf4 ./system/src/cortexm/exception-handlers.o
                0x08000904                dumpExceptionStack
 .text.isSemihosting
                0x080009f8       0x20 ./system/src/cortexm/exception-handlers.o
                0x080009f8                isSemihosting
 .text.__initialize_hardware_early
                0x08000a18       0x18 ./system/src/cortexm/initialize-hardware.o
                0x08000a18                __initialize_hardware_early
 .text.__initialize_hardware
                0x08000a30        0x8 ./system/src/cortexm/initialize-hardware.o
                0x08000a30                __initialize_hardware
 .text.SystemInit
                0x08000a38       0x10 ./system/src/cmsis/system_stm32f4xx.o
                0x08000a38                SystemInit
 .text.SystemCoreClockUpdate
                0x08000a48       0xa0 ./system/src/cmsis/system_stm32f4xx.o
                0x08000a48                SystemCoreClockUpdate
 .text.chartoByte
                0x08000ae8       0x2e ./src/main.o
                0x08000ae8                chartoByte
 *fill*         0x08000b16        0x2 
 .text.BOOTLOADER_Work
                0x08000b18      0x120 ./src/main.o
                0x08000b18                BOOTLOADER_Work
 .text.func4    0x08000c38       0x24 ./src/main.o
                0x08000c38                func4
 .text.main     0x08000c5c       0x5a ./src/main.o
                0x08000c5c                main
 *fill*         0x08000cb6        0x2 
 .text.MUSART_voidInit
                0x08000cb8      0x140 ./My_Include/03-MCAL/MUSART/MUSART_Program.o
                0x08000cb8                MUSART_voidInit
 .text.MUSART_voidTransmit
                0x08000df8       0x78 ./My_Include/03-MCAL/MUSART/MUSART_Program.o
                0x08000df8                MUSART_voidTransmit
 .text.MUSART_voidReceive
                0x08000e70       0x50 ./My_Include/03-MCAL/MUSART/MUSART_Program.o
                0x08000e70                MUSART_voidReceive
 .text.MUSART_EnableUSART
                0x08000ec0       0x40 ./My_Include/03-MCAL/MUSART/MUSART_Program.o
                0x08000ec0                MUSART_EnableUSART
 .text.USART1_IRQHandler
                0x08000f00       0x10 ./My_Include/03-MCAL/MUSART/MUSART_Program.o
                0x08000f00                USART1_IRQHandler
 .text.MSTK_voidInit
                0x08000f10        0xe ./My_Include/03-MCAL/MSTK/MSTK_Program.o
                0x08000f10                MSTK_voidInit
 *fill*         0x08000f1e        0x2 
 .text.SysTick_Handler
                0x08000f20       0x10 ./My_Include/03-MCAL/MSTK/MSTK_Program.o
                0x08000f20                SysTick_Handler
 .text.MRCC_voidInit
                0x08000f30       0x28 ./My_Include/03-MCAL/MRCC/MRCC_Program.o
                0x08000f30                MRCC_voidInit
 .text.MRCC_voidEnablePeripheral
                0x08000f58       0x50 ./My_Include/03-MCAL/MRCC/MRCC_Program.o
                0x08000f58                MRCC_voidEnablePeripheral
 .text.MGPIO_voidSetPinMode
                0x08000fa8       0x94 ./My_Include/03-MCAL/MGPIO/MGPIO_Program.o
                0x08000fa8                MGPIO_voidSetPinMode
 .text.MGPIO_voidConfigureAlterFun
                0x0800103c       0xa4 ./My_Include/03-MCAL/MGPIO/MGPIO_Program.o
                0x0800103c                MGPIO_voidConfigureAlterFun
 .text.Flash_Erase_APP
                0x080010e0       0x2c ./My_Include/03-MCAL/MFLASH/FLASH_SECTOR_F4.o
                0x080010e0                Flash_Erase_APP
 .text.Flash_Write_Word
                0x0800110c       0x20 ./My_Include/03-MCAL/MFLASH/FLASH_SECTOR_F4.o
                0x0800110c                Flash_Write_Word
 .text          0x0800112c      0x378 e:/iti/02- tools/03- imt sdk/imt_sdk_win_64/imt_sdk_win_64/winarm/armgcc/bin/../lib/gcc/arm-none-eabi/10.3.1/thumb/v7e-m/nofp\libgcc.a(_arm_addsubdf3.o)
                0x0800112c                __aeabi_drsub
                0x08001134                __aeabi_dsub
                0x08001134                __subdf3
                0x08001138                __aeabi_dadd
                0x08001138                __adddf3
                0x080013b0                __floatunsidf
                0x080013b0                __aeabi_ui2d
                0x080013d0                __floatsidf
                0x080013d0                __aeabi_i2d
                0x080013f4                __aeabi_f2d
                0x080013f4                __extendsfdf2
                0x08001438                __floatundidf
                0x08001438                __aeabi_ul2d
                0x08001448                __floatdidf
                0x08001448                __aeabi_l2d
 .text          0x080014a4      0x424 e:/iti/02- tools/03- imt sdk/imt_sdk_win_64/imt_sdk_win_64/winarm/armgcc/bin/../lib/gcc/arm-none-eabi/10.3.1/thumb/v7e-m/nofp\libgcc.a(_arm_muldivdf3.o)
                0x080014a4                __aeabi_dmul
                0x080014a4                __muldf3
                0x080016f8                __divdf3
                0x080016f8                __aeabi_ddiv
 .text          0x080018c8       0x40 e:/iti/02- tools/03- imt sdk/imt_sdk_win_64/imt_sdk_win_64/winarm/armgcc/bin/../lib/gcc/arm-none-eabi/10.3.1/thumb/v7e-m/nofp\libgcc.a(_arm_fixunsdfsi.o)
                0x080018c8                __aeabi_d2uiz
                0x080018c8                __fixunsdfsi
 .text.__errno  0x08001908        0xc e:/iti/02- tools/03- imt sdk/imt_sdk_win_64/imt_sdk_win_64/winarm/armgcc/bin/../lib/gcc/arm-none-eabi/10.3.1/../../../../arm-none-eabi/lib/thumb/v7e-m/nofp\libg_nano.a(lib_a-errno.o)
                0x08001908                __errno
 .text.memset   0x08001914       0x10 e:/iti/02- tools/03- imt sdk/imt_sdk_win_64/imt_sdk_win_64/winarm/armgcc/bin/../lib/gcc/arm-none-eabi/10.3.1/../../../../arm-none-eabi/lib/thumb/v7e-m/nofp\libg_nano.a(lib_a-memset.o)
                0x08001914                memset
 .text          0x08001924       0x10 e:/iti/02- tools/03- imt sdk/imt_sdk_win_64/imt_sdk_win_64/winarm/armgcc/bin/../lib/gcc/arm-none-eabi/10.3.1/../../../../arm-none-eabi/lib/thumb/v7e-m/nofp\libg_nano.a(lib_a-strlen.o)
                0x08001924                strlen
 .text._vsnprintf_r
                0x08001934       0x56 e:/iti/02- tools/03- imt sdk/imt_sdk_win_64/imt_sdk_win_64/winarm/armgcc/bin/../lib/gcc/arm-none-eabi/10.3.1/../../../../arm-none-eabi/lib/thumb/v7e-m/nofp\libg_nano.a(lib_a-vsnprintf.o)
                0x08001934                _vsniprintf_r
                0x08001934                _vsnprintf_r
 *fill*         0x0800198a        0x2 
 .text.vsnprintf
                0x0800198c       0x1c e:/iti/02- tools/03- imt sdk/imt_sdk_win_64/imt_sdk_win_64/winarm/armgcc/bin/../lib/gcc/arm-none-eabi/10.3.1/../../../../arm-none-eabi/lib/thumb/v7e-m/nofp\libg_nano.a(lib_a-vsnprintf.o)
                0x0800198c                vsniprintf
                0x0800198c                vsnprintf
 .text.__ssputs_r
                0x080019a8       0xb6 e:/iti/02- tools/03- imt sdk/imt_sdk_win_64/imt_sdk_win_64/winarm/armgcc/bin/../lib/gcc/arm-none-eabi/10.3.1/../../../../arm-none-eabi/lib/thumb/v7e-m/nofp\libg_nano.a(lib_a-nano-svfprintf.o)
                0x080019a8                __ssputs_r
 *fill*         0x08001a5e        0x2 
 .text._svfprintf_r
                0x08001a60      0x200 e:/iti/02- tools/03- imt sdk/imt_sdk_win_64/imt_sdk_win_64/winarm/armgcc/bin/../lib/gcc/arm-none-eabi/10.3.1/../../../../arm-none-eabi/lib/thumb/v7e-m/nofp\libg_nano.a(lib_a-nano-svfprintf.o)
                0x08001a60                _svfiprintf_r
                0x08001a60                _svfprintf_r
 .text._printf_common
                0x08001c60       0xda e:/iti/02- tools/03- imt sdk/imt_sdk_win_64/imt_sdk_win_64/winarm/armgcc/bin/../lib/gcc/arm-none-eabi/10.3.1/../../../../arm-none-eabi/lib/thumb/v7e-m/nofp\libg_nano.a(lib_a-nano-vfprintf_i.o)
                0x08001c60                _printf_common
 *fill*         0x08001d3a        0x2 
 .text._printf_i
                0x08001d3c      0x24c e:/iti/02- tools/03- imt sdk/imt_sdk_win_64/imt_sdk_win_64/winarm/armgcc/bin/../lib/gcc/arm-none-eabi/10.3.1/../../../../arm-none-eabi/lib/thumb/v7e-m/nofp\libg_nano.a(lib_a-nano-vfprintf_i.o)
                0x08001d3c                _printf_i
 *fill*         0x08001f88        0x8 
 .text          0x08001f90       0xa0 e:/iti/02- tools/03- imt sdk/imt_sdk_win_64/imt_sdk_win_64/winarm/armgcc/bin/../lib/gcc/arm-none-eabi/10.3.1/../../../../arm-none-eabi/lib/thumb/v7e-m/nofp\libg_nano.a(lib_a-memchr.o)
                0x08001f90                memchr
 .text.memcpy   0x08002030       0x1c e:/iti/02- tools/03- imt sdk/imt_sdk_win_64/imt_sdk_win_64/winarm/armgcc/bin/../lib/gcc/arm-none-eabi/10.3.1/../../../../arm-none-eabi/lib/thumb/v7e-m/nofp\libg_nano.a(lib_a-memcpy-stub.o)
                0x08002030                memcpy
 .text.memmove  0x0800204c       0x34 e:/iti/02- tools/03- imt sdk/imt_sdk_win_64/imt_sdk_win_64/winarm/armgcc/bin/../lib/gcc/arm-none-eabi/10.3.1/../../../../arm-none-eabi/lib/thumb/v7e-m/nofp\libg_nano.a(lib_a-memmove.o)
                0x0800204c                memmove
 .text._free_r  0x08002080       0x94 e:/iti/02- tools/03- imt sdk/imt_sdk_win_64/imt_sdk_win_64/winarm/armgcc/bin/../lib/gcc/arm-none-eabi/10.3.1/../../../../arm-none-eabi/lib/thumb/v7e-m/nofp\libg_nano.a(lib_a-nano-freer.o)
                0x08002080                _free_r
 .text.sbrk_aligned
                0x08002114       0x40 e:/iti/02- tools/03- imt sdk/imt_sdk_win_64/imt_sdk_win_64/winarm/armgcc/bin/../lib/gcc/arm-none-eabi/10.3.1/../../../../arm-none-eabi/lib/thumb/v7e-m/nofp\libg_nano.a(lib_a-nano-mallocr.o)
 .text._malloc_r
                0x08002154       0xe8 e:/iti/02- tools/03- imt sdk/imt_sdk_win_64/imt_sdk_win_64/winarm/armgcc/bin/../lib/gcc/arm-none-eabi/10.3.1/../../../../arm-none-eabi/lib/thumb/v7e-m/nofp\libg_nano.a(lib_a-nano-mallocr.o)
                0x08002154                _malloc_r
 .text._realloc_r
                0x0800223c       0x5e e:/iti/02- tools/03- imt sdk/imt_sdk_win_64/imt_sdk_win_64/winarm/armgcc/bin/../lib/gcc/arm-none-eabi/10.3.1/../../../../arm-none-eabi/lib/thumb/v7e-m/nofp\libg_nano.a(lib_a-nano-reallocr.o)
                0x0800223c                _realloc_r
 *fill*         0x0800229a        0x2 
 .text._sbrk_r  0x0800229c       0x20 e:/iti/02- tools/03- imt sdk/imt_sdk_win_64/imt_sdk_win_64/winarm/armgcc/bin/../lib/gcc/arm-none-eabi/10.3.1/../../../../arm-none-eabi/lib/thumb/v7e-m/nofp\libg_nano.a(lib_a-sbrkr.o)
                0x0800229c                _sbrk_r
 .text.__malloc_lock
                0x080022bc        0xc e:/iti/02- tools/03- imt sdk/imt_sdk_win_64/imt_sdk_win_64/winarm/armgcc/bin/../lib/gcc/arm-none-eabi/10.3.1/../../../../arm-none-eabi/lib/thumb/v7e-m/nofp\libg_nano.a(lib_a-mlock.o)
                0x080022bc                __malloc_lock
 .text.__malloc_unlock
                0x080022c8        0xc e:/iti/02- tools/03- imt sdk/imt_sdk_win_64/imt_sdk_win_64/winarm/armgcc/bin/../lib/gcc/arm-none-eabi/10.3.1/../../../../arm-none-eabi/lib/thumb/v7e-m/nofp\libg_nano.a(lib_a-mlock.o)
                0x080022c8                __malloc_unlock
 .text._malloc_usable_size_r
                0x080022d4       0x10 e:/iti/02- tools/03- imt sdk/imt_sdk_win_64/imt_sdk_win_64/winarm/armgcc/bin/../lib/gcc/arm-none-eabi/10.3.1/../../../../arm-none-eabi/lib/thumb/v7e-m/nofp\libg_nano.a(lib_a-nano-msizer.o)
                0x080022d4                _malloc_usable_size_r
 .text.__retarget_lock_acquire_recursive
                0x080022e4        0x2 e:/iti/02- tools/03- imt sdk/imt_sdk_win_64/imt_sdk_win_64/winarm/armgcc/bin/../lib/gcc/arm-none-eabi/10.3.1/../../../../arm-none-eabi/lib/thumb/v7e-m/nofp\libg_nano.a(lib_a-lock.o)
                0x080022e4                __retarget_lock_acquire_recursive
 .text.__retarget_lock_release_recursive
                0x080022e6        0x2 e:/iti/02- tools/03- imt sdk/imt_sdk_win_64/imt_sdk_win_64/winarm/armgcc/bin/../lib/gcc/arm-none-eabi/10.3.1/../../../../arm-none-eabi/lib/thumb/v7e-m/nofp\libg_nano.a(lib_a-lock.o)
                0x080022e6                __retarget_lock_release_recursive
 *(.rodata .rodata.* .constdata .constdata.*)
 .rodata.FLASH_Program_Byte.str1.4
                0x080022e8       0x30 ./system/src/stm32f4-hal/stm32f4xx_hal_flash.o
 .rodata.FLASH_MassErase.str1.4
                0x08002318       0x33 ./system/src/stm32f4-hal/stm32f4xx_hal_flash_ex.o
 *fill*         0x0800234b        0x1 
 .rodata.assert_failed.str1.4
                0x0800234c       0x2b ./system/src/newlib/assert.o
 *fill*         0x08002377        0x1 
 .rodata.abort.str1.4
                0x08002378       0x14 ./system/src/newlib/exit.o
 .rodata.trace_puts.str1.4
                0x0800238c       0x14 ./system/src/diag/trace.o
                                  0x2 (size before relaxing)
 .rodata.dumpExceptionStack.str1.4
                0x0800238c      0x11a ./system/src/cortexm/exception-handlers.o
 *fill*         0x080024a6        0x2 
 .rodata.str1.4
                0x080024a8       0x2a ./system/src/cortexm/exception-handlers.o
 *fill*         0x080024d2        0x2 
 .rodata.AHBPrescTable
                0x080024d4       0x10 ./system/src/cmsis/system_stm32f4xx.o
                0x080024d4                AHBPrescTable
 .rodata.BOOTLOADER_Work.str1.4
                0x080024e4       0x4b ./src/main.o
 .rodata._svfprintf_r.str1.1
                0x0800252f       0x11 e:/iti/02- tools/03- imt sdk/imt_sdk_win_64/imt_sdk_win_64/winarm/armgcc/bin/../lib/gcc/arm-none-eabi/10.3.1/../../../../arm-none-eabi/lib/thumb/v7e-m/nofp\libg_nano.a(lib_a-nano-svfprintf.o)
 .rodata._printf_i.str1.1
                0x08002540       0x22 e:/iti/02- tools/03- imt sdk/imt_sdk_win_64/imt_sdk_win_64/winarm/armgcc/bin/../lib/gcc/arm-none-eabi/10.3.1/../../../../arm-none-eabi/lib/thumb/v7e-m/nofp\libg_nano.a(lib_a-nano-vfprintf_i.o)
 *(vtable)
 *(.eh_frame*)
 *(.glue_7)
 .glue_7        0x08002562        0x0 linker stubs
 *(.glue_7t)
 .glue_7t       0x08002562        0x0 linker stubs

.vfp11_veneer   0x08002564        0x0
 .vfp11_veneer  0x08002564        0x0 linker stubs

.v4_bx          0x08002564        0x0
 .v4_bx         0x08002564        0x0 linker stubs

.iplt           0x08002564        0x0
 .iplt          0x08002564        0x0 ./system/src/stm32f4-hal/stm32f4xx_hal.o

.rel.dyn        0x08002564        0x0
 .rel.iplt      0x08002564        0x0 ./system/src/stm32f4-hal/stm32f4xx_hal.o

.ARM.extab
 *(.ARM.extab* .gnu.linkonce.armextab.*)
                0x08002564                . = ALIGN (0x4)
                0x08002564                __exidx_start = .

.ARM.exidx
 *(.ARM.exidx* .gnu.linkonce.armexidx.*)
                0x08002564                __exidx_end = .
                0x08002564                . = ALIGN (0x4)
                0x08002564                _etext = .
                0x08002564                __etext = .

.data_CCMRAM    0x10000000        0x0 load address 0x08002564
 FILL mask 0xff
 *(.data.CCMRAM .data.CCMRAM.*)
                0x10000000                . = ALIGN (0x4)
                0x08002564                _sidata = LOADADDR (.data)

.data           0x20000000       0x78 load address 0x08002564
 FILL mask 0xff
                0x20000000                _sdata = .
                0x20000000                __data_start__ = .
 *(.data_begin .data_begin.*)
 .data_begin    0x20000000        0x4 ./system/src/newlib/startup.o
 *(.data .data.*)
 .data.argv.1   0x20000004        0x8 ./system/src/newlib/syscalls.o
 .data.SystemCoreClock
                0x2000000c        0x4 ./system/src/cmsis/system_stm32f4xx.o
                0x2000000c                SystemCoreClock
 .data._impure_ptr
                0x20000010        0x4 e:/iti/02- tools/03- imt sdk/imt_sdk_win_64/imt_sdk_win_64/winarm/armgcc/bin/../lib/gcc/arm-none-eabi/10.3.1/../../../../arm-none-eabi/lib/thumb/v7e-m/nofp\libg_nano.a(lib_a-impure.o)
                0x20000010                _impure_ptr
 .data.impure_data
                0x20000014       0x60 e:/iti/02- tools/03- imt sdk/imt_sdk_win_64/imt_sdk_win_64/winarm/armgcc/bin/../lib/gcc/arm-none-eabi/10.3.1/../../../../arm-none-eabi/lib/thumb/v7e-m/nofp\libg_nano.a(lib_a-impure.o)
 *(.data_end .data_end.*)
 .data_end      0x20000074        0x4 ./system/src/newlib/startup.o
                0x20000078                . = ALIGN (0x4)
                0x20000078                _edata = .
                0x20000078                __data_end__ = .

.igot.plt       0x20000078        0x0 load address 0x080025dc
 .igot.plt      0x20000078        0x0 ./system/src/stm32f4-hal/stm32f4xx_hal.o

.bss_CCMRAM     0x10000000        0x0
 *(.bss.CCMRAM .bss.CCMRAM.*)

.bss            0x20000078       0xd0
                0x20000078                __bss_start__ = .
                0x20000078                _sbss = .
 *(.bss_begin .bss_begin.*)
 .bss_begin     0x20000078        0x4 ./system/src/newlib/startup.o
 *(.bss .bss.*)
 .bss.uwTick    0x2000007c        0x4 ./system/src/stm32f4-hal/stm32f4xx_hal.o
                0x2000007c                uwTick
 .bss.pFlash    0x20000080       0x20 ./system/src/stm32f4-hal/stm32f4xx_hal_flash.o
                0x20000080                pFlash
 .bss.current_heap_end.0
                0x200000a0        0x4 ./system/src/newlib/sbrk.o
 .bss.errno     0x200000a4        0x4 ./system/src/newlib/syscalls.o
                0x200000a4                errno
 .bss.name.0    0x200000a8        0x1 ./system/src/newlib/syscalls.o
 *fill*         0x200000a9        0x3 
 .bss.buf.0     0x200000ac       0x80 ./system/src/diag/trace.o
 .bss.myFunctionPointer2
                0x2000012c        0x4 ./src/main.o
                0x2000012c                myFunctionPointer2
 .bss.MSUART_CallBack
                0x20000130        0x4 ./My_Include/03-MCAL/MUSART/MUSART_Program.o
 .bss.Globle_voidPointerTofunction
                0x20000134        0x4 ./My_Include/03-MCAL/MSTK/MSTK_Program.o
                0x20000134                Globle_voidPointerTofunction
 .bss.__malloc_free_list
                0x20000138        0x4 e:/iti/02- tools/03- imt sdk/imt_sdk_win_64/imt_sdk_win_64/winarm/armgcc/bin/../lib/gcc/arm-none-eabi/10.3.1/../../../../arm-none-eabi/lib/thumb/v7e-m/nofp\libg_nano.a(lib_a-nano-mallocr.o)
                0x20000138                __malloc_free_list
 .bss.__malloc_sbrk_start
                0x2000013c        0x4 e:/iti/02- tools/03- imt sdk/imt_sdk_win_64/imt_sdk_win_64/winarm/armgcc/bin/../lib/gcc/arm-none-eabi/10.3.1/../../../../arm-none-eabi/lib/thumb/v7e-m/nofp\libg_nano.a(lib_a-nano-mallocr.o)
                0x2000013c                __malloc_sbrk_start
 .bss.__lock___malloc_recursive_mutex
                0x20000140        0x1 e:/iti/02- tools/03- imt sdk/imt_sdk_win_64/imt_sdk_win_64/winarm/armgcc/bin/../lib/gcc/arm-none-eabi/10.3.1/../../../../arm-none-eabi/lib/thumb/v7e-m/nofp\libg_nano.a(lib_a-lock.o)
                0x20000140                __lock___malloc_recursive_mutex
 *(COMMON)
 *(.bss_end .bss_end.*)
 *fill*         0x20000141        0x3 
 .bss_end       0x20000144        0x4 ./system/src/newlib/startup.o
                0x20000148                . = ALIGN (0x4)
                0x20000148                __bss_end__ = .
                0x20000148                _ebss = .

.noinit_CCMRAM
 *(.noinit.CCMRAM .noinit.CCMRAM.*)

.noinit         0x20000148        0x0
                0x20000148                _noinit = .
 *(.noinit .noinit.*)
                0x20000148                . = ALIGN (0x4)
                0x20000148                _end_noinit = .
                [!provide]                PROVIDE (end = _end_noinit)
                [!provide]                PROVIDE (_end = _end_noinit)
                [!provide]                PROVIDE (__end = _end_noinit)
                [!provide]                PROVIDE (__end__ = _end_noinit)

._check_stack   0x20000148      0x100
                0x20000248                . = (. + _Minimum_Stack_Size)
 *fill*         0x20000148      0x100 

.b1text
 *(.b1text)
 *(.b1rodata)
 *(.b1rodata.*)

.eb0text
 *(.eb0text)
 *(.eb0rodata)
 *(.eb0rodata.*)

.eb1text
 *(.eb1text)
 *(.eb1rodata)
 *(.eb1rodata.*)

.eb2text
 *(.eb2text)
 *(.eb2rodata)
 *(.eb2rodata.*)

.eb3text
 *(.eb3text)
 *(.eb3rodata)
 *(.eb3rodata.*)

.stab
 *(.stab)

.stabstr
 *(.stabstr)

.stab.excl
 *(.stab.excl)

.stab.exclstr
 *(.stab.exclstr)

.stab.index
 *(.stab.index)

.stab.indexstr
 *(.stab.indexstr)

.comment        0x00000000       0x49
 *(.comment)
 .comment       0x00000000       0x49 ./system/src/stm32f4-hal/stm32f4xx_hal.o
                                 0x4a (size before relaxing)
 .comment       0x00000049       0x4a ./system/src/stm32f4-hal/stm32f4xx_hal_flash.o
 .comment       0x00000049       0x4a ./system/src/stm32f4-hal/stm32f4xx_hal_flash_ex.o
 .comment       0x00000049       0x4a ./system/src/newlib/assert.o
 .comment       0x00000049       0x4a ./system/src/newlib/exit.o
 .comment       0x00000049       0x4a ./system/src/newlib/sbrk.o
 .comment       0x00000049       0x4a ./system/src/newlib/startup.o
 .comment       0x00000049       0x4a ./system/src/newlib/syscalls.o
 .comment       0x00000049       0x4a ./system/src/diag/trace-impl.o
 .comment       0x00000049       0x4a ./system/src/diag/trace.o
 .comment       0x00000049       0x4a ./system/src/cortexm/exception-handlers.o
 .comment       0x00000049       0x4a ./system/src/cortexm/initialize-hardware.o
 .comment       0x00000049       0x4a ./system/src/cmsis/system_stm32f4xx.o
 .comment       0x00000049       0x4a ./system/src/cmsis/vectors_stm32f401xc.o
 .comment       0x00000049       0x4a ./src/main.o
 .comment       0x00000049       0x4a ./My_Include/03-MCAL/MUSART/MUSART_Program.o
 .comment       0x00000049       0x4a ./My_Include/03-MCAL/MSTK/MSTK_Program.o
 .comment       0x00000049       0x4a ./My_Include/03-MCAL/MRCC/MRCC_Program.o
 .comment       0x00000049       0x4a ./My_Include/03-MCAL/MGPIO/MGPIO_Program.o
 .comment       0x00000049       0x4a ./My_Include/03-MCAL/MFLASH/FLASH_SECTOR_F4.o

.ARM.attributes
                0x00000000       0x2c
 .ARM.attributes
                0x00000000       0x2e ./system/src/stm32f4-hal/stm32f4xx_hal.o
 .ARM.attributes
                0x0000002e       0x2e ./system/src/stm32f4-hal/stm32f4xx_hal_flash.o
 .ARM.attributes
                0x0000005c       0x2e ./system/src/stm32f4-hal/stm32f4xx_hal_flash_ex.o
 .ARM.attributes
                0x0000008a       0x2e ./system/src/newlib/assert.o
 .ARM.attributes
                0x000000b8       0x2e ./system/src/newlib/exit.o
 .ARM.attributes
                0x000000e6       0x2e ./system/src/newlib/sbrk.o
 .ARM.attributes
                0x00000114       0x2e ./system/src/newlib/startup.o
 .ARM.attributes
                0x00000142       0x2e ./system/src/newlib/syscalls.o
 .ARM.attributes
                0x00000170       0x2e ./system/src/diag/trace-impl.o
 .ARM.attributes
                0x0000019e       0x2e ./system/src/diag/trace.o
 .ARM.attributes
                0x000001cc       0x2e ./system/src/cortexm/exception-handlers.o
 .ARM.attributes
                0x000001fa       0x2e ./system/src/cortexm/initialize-hardware.o
 .ARM.attributes
                0x00000228       0x2e ./system/src/cmsis/system_stm32f4xx.o
 .ARM.attributes
                0x00000256       0x2e ./system/src/cmsis/vectors_stm32f401xc.o
 .ARM.attributes
                0x00000284       0x2e ./src/main.o
 .ARM.attributes
                0x000002b2       0x2e ./My_Include/03-MCAL/MUSART/MUSART_Program.o
 .ARM.attributes
                0x000002e0       0x2e ./My_Include/03-MCAL/MSTK/MSTK_Program.o
 .ARM.attributes
                0x0000030e       0x2e ./My_Include/03-MCAL/MRCC/MRCC_Program.o
 .ARM.attributes
                0x0000033c       0x2e ./My_Include/03-MCAL/MGPIO/MGPIO_Program.o
 .ARM.attributes
                0x0000036a       0x2e ./My_Include/03-MCAL/MFLASH/FLASH_SECTOR_F4.o
 .ARM.attributes
                0x00000398       0x1e e:/iti/02- tools/03- imt sdk/imt_sdk_win_64/imt_sdk_win_64/winarm/armgcc/bin/../lib/gcc/arm-none-eabi/10.3.1/thumb/v7e-m/nofp\libgcc.a(_arm_addsubdf3.o)
 .ARM.attributes
                0x000003b6       0x1e e:/iti/02- tools/03- imt sdk/imt_sdk_win_64/imt_sdk_win_64/winarm/armgcc/bin/../lib/gcc/arm-none-eabi/10.3.1/thumb/v7e-m/nofp\libgcc.a(_arm_muldivdf3.o)
 .ARM.attributes
                0x000003d4       0x1e e:/iti/02- tools/03- imt sdk/imt_sdk_win_64/imt_sdk_win_64/winarm/armgcc/bin/../lib/gcc/arm-none-eabi/10.3.1/thumb/v7e-m/nofp\libgcc.a(_arm_fixunsdfsi.o)
 .ARM.attributes
                0x000003f2       0x2e e:/iti/02- tools/03- imt sdk/imt_sdk_win_64/imt_sdk_win_64/winarm/armgcc/bin/../lib/gcc/arm-none-eabi/10.3.1/../../../../arm-none-eabi/lib/thumb/v7e-m/nofp\libg_nano.a(lib_a-errno.o)
 .ARM.attributes
                0x00000420       0x2e e:/iti/02- tools/03- imt sdk/imt_sdk_win_64/imt_sdk_win_64/winarm/armgcc/bin/../lib/gcc/arm-none-eabi/10.3.1/../../../../arm-none-eabi/lib/thumb/v7e-m/nofp\libg_nano.a(lib_a-impure.o)
 .ARM.attributes
                0x0000044e       0x2e e:/iti/02- tools/03- imt sdk/imt_sdk_win_64/imt_sdk_win_64/winarm/armgcc/bin/../lib/gcc/arm-none-eabi/10.3.1/../../../../arm-none-eabi/lib/thumb/v7e-m/nofp\libg_nano.a(lib_a-memset.o)
 .ARM.attributes
                0x0000047c       0x17 e:/iti/02- tools/03- imt sdk/imt_sdk_win_64/imt_sdk_win_64/winarm/armgcc/bin/../lib/gcc/arm-none-eabi/10.3.1/../../../../arm-none-eabi/lib/thumb/v7e-m/nofp\libg_nano.a(lib_a-strlen.o)
 .ARM.attributes
                0x00000493       0x2e e:/iti/02- tools/03- imt sdk/imt_sdk_win_64/imt_sdk_win_64/winarm/armgcc/bin/../lib/gcc/arm-none-eabi/10.3.1/../../../../arm-none-eabi/lib/thumb/v7e-m/nofp\libg_nano.a(lib_a-vsnprintf.o)
 .ARM.attributes
                0x000004c1       0x2e e:/iti/02- tools/03- imt sdk/imt_sdk_win_64/imt_sdk_win_64/winarm/armgcc/bin/../lib/gcc/arm-none-eabi/10.3.1/../../../../arm-none-eabi/lib/thumb/v7e-m/nofp\libg_nano.a(lib_a-nano-svfprintf.o)
 .ARM.attributes
                0x000004ef       0x2e e:/iti/02- tools/03- imt sdk/imt_sdk_win_64/imt_sdk_win_64/winarm/armgcc/bin/../lib/gcc/arm-none-eabi/10.3.1/../../../../arm-none-eabi/lib/thumb/v7e-m/nofp\libg_nano.a(lib_a-nano-vfprintf_i.o)
 .ARM.attributes
                0x0000051d       0x1c e:/iti/02- tools/03- imt sdk/imt_sdk_win_64/imt_sdk_win_64/winarm/armgcc/bin/../lib/gcc/arm-none-eabi/10.3.1/../../../../arm-none-eabi/lib/thumb/v7e-m/nofp\libg_nano.a(lib_a-memchr.o)
 .ARM.attributes
                0x00000539       0x2e e:/iti/02- tools/03- imt sdk/imt_sdk_win_64/imt_sdk_win_64/winarm/armgcc/bin/../lib/gcc/arm-none-eabi/10.3.1/../../../../arm-none-eabi/lib/thumb/v7e-m/nofp\libg_nano.a(lib_a-memcpy-stub.o)
 .ARM.attributes
                0x00000567       0x2e e:/iti/02- tools/03- imt sdk/imt_sdk_win_64/imt_sdk_win_64/winarm/armgcc/bin/../lib/gcc/arm-none-eabi/10.3.1/../../../../arm-none-eabi/lib/thumb/v7e-m/nofp\libg_nano.a(lib_a-memmove.o)
 .ARM.attributes
                0x00000595       0x2e e:/iti/02- tools/03- imt sdk/imt_sdk_win_64/imt_sdk_win_64/winarm/armgcc/bin/../lib/gcc/arm-none-eabi/10.3.1/../../../../arm-none-eabi/lib/thumb/v7e-m/nofp\libg_nano.a(lib_a-nano-freer.o)
 .ARM.attributes
                0x000005c3       0x2e e:/iti/02- tools/03- imt sdk/imt_sdk_win_64/imt_sdk_win_64/winarm/armgcc/bin/../lib/gcc/arm-none-eabi/10.3.1/../../../../arm-none-eabi/lib/thumb/v7e-m/nofp\libg_nano.a(lib_a-nano-mallocr.o)
 .ARM.attributes
                0x000005f1       0x2e e:/iti/02- tools/03- imt sdk/imt_sdk_win_64/imt_sdk_win_64/winarm/armgcc/bin/../lib/gcc/arm-none-eabi/10.3.1/../../../../arm-none-eabi/lib/thumb/v7e-m/nofp\libg_nano.a(lib_a-nano-reallocr.o)
 .ARM.attributes
                0x0000061f       0x2e e:/iti/02- tools/03- imt sdk/imt_sdk_win_64/imt_sdk_win_64/winarm/armgcc/bin/../lib/gcc/arm-none-eabi/10.3.1/../../../../arm-none-eabi/lib/thumb/v7e-m/nofp\libg_nano.a(lib_a-sbrkr.o)
 .ARM.attributes
                0x0000064d       0x2e e:/iti/02- tools/03- imt sdk/imt_sdk_win_64/imt_sdk_win_64/winarm/armgcc/bin/../lib/gcc/arm-none-eabi/10.3.1/../../../../arm-none-eabi/lib/thumb/v7e-m/nofp\libg_nano.a(lib_a-mlock.o)
 .ARM.attributes
                0x0000067b       0x2e e:/iti/02- tools/03- imt sdk/imt_sdk_win_64/imt_sdk_win_64/winarm/armgcc/bin/../lib/gcc/arm-none-eabi/10.3.1/../../../../arm-none-eabi/lib/thumb/v7e-m/nofp\libg_nano.a(lib_a-nano-msizer.o)
 .ARM.attributes
                0x000006a9       0x2e e:/iti/02- tools/03- imt sdk/imt_sdk_win_64/imt_sdk_win_64/winarm/armgcc/bin/../lib/gcc/arm-none-eabi/10.3.1/../../../../arm-none-eabi/lib/thumb/v7e-m/nofp\libg_nano.a(lib_a-lock.o)

.debug
 *(.debug)

.line
 *(.line)

.debug_srcinfo
 *(.debug_srcinfo)

.debug_sfnames
 *(.debug_sfnames)

.debug_aranges  0x00000000      0x6b8
 *(.debug_aranges)
 .debug_aranges
                0x00000000       0xf0 ./system/src/stm32f4-hal/stm32f4xx_hal.o
 .debug_aranges
                0x000000f0       0xa0 ./system/src/stm32f4-hal/stm32f4xx_hal_flash.o
 .debug_aranges
                0x00000190       0xc8 ./system/src/stm32f4-hal/stm32f4xx_hal_flash_ex.o
 .debug_aranges
                0x00000258       0x28 ./system/src/newlib/assert.o
 .debug_aranges
                0x00000280       0x28 ./system/src/newlib/exit.o
 .debug_aranges
                0x000002a8       0x20 ./system/src/newlib/sbrk.o
 .debug_aranges
                0x000002c8       0x40 ./system/src/newlib/startup.o
 .debug_aranges
                0x00000308       0x30 ./system/src/newlib/syscalls.o
 .debug_aranges
                0x00000338       0x30 ./system/src/diag/trace-impl.o
 .debug_aranges
                0x00000368       0x38 ./system/src/diag/trace.o
 .debug_aranges
                0x000003a0       0x90 ./system/src/cortexm/exception-handlers.o
 .debug_aranges
                0x00000430       0x28 ./system/src/cortexm/initialize-hardware.o
 .debug_aranges
                0x00000458       0x28 ./system/src/cmsis/system_stm32f4xx.o
 .debug_aranges
                0x00000480       0x20 ./system/src/cmsis/vectors_stm32f401xc.o
 .debug_aranges
                0x000004a0       0x38 ./src/main.o
 .debug_aranges
                0x000004d8       0x50 ./My_Include/03-MCAL/MUSART/MUSART_Program.o
 .debug_aranges
                0x00000528       0x88 ./My_Include/03-MCAL/MSTK/MSTK_Program.o
 .debug_aranges
                0x000005b0       0x48 ./My_Include/03-MCAL/MRCC/MRCC_Program.o
 .debug_aranges
                0x000005f8       0x58 ./My_Include/03-MCAL/MGPIO/MGPIO_Program.o
 .debug_aranges
                0x00000650       0x68 ./My_Include/03-MCAL/MFLASH/FLASH_SECTOR_F4.o

.debug_pubnames
 *(.debug_pubnames)

.debug_info     0x00000000     0x5e15
 *(.debug_info .gnu.linkonce.wi.*)
 .debug_info    0x00000000      0x9aa ./system/src/stm32f4-hal/stm32f4xx_hal.o
 .debug_info    0x000009aa      0x823 ./system/src/stm32f4-hal/stm32f4xx_hal_flash.o
 .debug_info    0x000011cd      0xcad ./system/src/stm32f4-hal/stm32f4xx_hal_flash_ex.o
 .debug_info    0x00001e7a      0x1c1 ./system/src/newlib/assert.o
 .debug_info    0x0000203b       0xf2 ./system/src/newlib/exit.o
 .debug_info    0x0000212d      0x112 ./system/src/newlib/sbrk.o
 .debug_info    0x0000223f      0x573 ./system/src/newlib/startup.o
 .debug_info    0x000027b2      0x1d5 ./system/src/newlib/syscalls.o
 .debug_info    0x00002987      0x320 ./system/src/diag/trace-impl.o
 .debug_info    0x00002ca7      0x30b ./system/src/diag/trace.o
 .debug_info    0x00002fb2      0x983 ./system/src/cortexm/exception-handlers.o
 .debug_info    0x00003935      0x2b3 ./system/src/cortexm/initialize-hardware.o
 .debug_info    0x00003be8      0x550 ./system/src/cmsis/system_stm32f4xx.o
 .debug_info    0x00004138       0xce ./system/src/cmsis/vectors_stm32f401xc.o
 .debug_info    0x00004206      0x4db ./src/main.o
 .debug_info    0x000046e1      0x60e ./My_Include/03-MCAL/MUSART/MUSART_Program.o
 .debug_info    0x00004cef      0x2d2 ./My_Include/03-MCAL/MSTK/MSTK_Program.o
 .debug_info    0x00004fc1      0x368 ./My_Include/03-MCAL/MRCC/MRCC_Program.o
 .debug_info    0x00005329      0x39b ./My_Include/03-MCAL/MGPIO/MGPIO_Program.o
 .debug_info    0x000056c4      0x751 ./My_Include/03-MCAL/MFLASH/FLASH_SECTOR_F4.o

.debug_abbrev   0x00000000     0x1d47
 *(.debug_abbrev)
 .debug_abbrev  0x00000000      0x23a ./system/src/stm32f4-hal/stm32f4xx_hal.o
 .debug_abbrev  0x0000023a      0x271 ./system/src/stm32f4-hal/stm32f4xx_hal_flash.o
 .debug_abbrev  0x000004ab      0x26f ./system/src/stm32f4-hal/stm32f4xx_hal_flash_ex.o
 .debug_abbrev  0x0000071a       0xb6 ./system/src/newlib/assert.o
 .debug_abbrev  0x000007d0       0x97 ./system/src/newlib/exit.o
 .debug_abbrev  0x00000867       0xcd ./system/src/newlib/sbrk.o
 .debug_abbrev  0x00000934      0x1fa ./system/src/newlib/startup.o
 .debug_abbrev  0x00000b2e      0x10e ./system/src/newlib/syscalls.o
 .debug_abbrev  0x00000c3c      0x1eb ./system/src/diag/trace-impl.o
 .debug_abbrev  0x00000e27      0x173 ./system/src/diag/trace.o
 .debug_abbrev  0x00000f9a      0x267 ./system/src/cortexm/exception-handlers.o
 .debug_abbrev  0x00001201       0xe9 ./system/src/cortexm/initialize-hardware.o
 .debug_abbrev  0x000012ea      0x11c ./system/src/cmsis/system_stm32f4xx.o
 .debug_abbrev  0x00001406       0xa5 ./system/src/cmsis/vectors_stm32f401xc.o
 .debug_abbrev  0x000014ab      0x160 ./src/main.o
 .debug_abbrev  0x0000160b      0x193 ./My_Include/03-MCAL/MUSART/MUSART_Program.o
 .debug_abbrev  0x0000179e      0x126 ./My_Include/03-MCAL/MSTK/MSTK_Program.o
 .debug_abbrev  0x000018c4       0xd7 ./My_Include/03-MCAL/MRCC/MRCC_Program.o
 .debug_abbrev  0x0000199b      0x121 ./My_Include/03-MCAL/MGPIO/MGPIO_Program.o
 .debug_abbrev  0x00001abc      0x28b ./My_Include/03-MCAL/MFLASH/FLASH_SECTOR_F4.o

.debug_line     0x00000000     0x905c
 *(.debug_line)
 .debug_line    0x00000000      0xb80 ./system/src/stm32f4-hal/stm32f4xx_hal.o
 .debug_line    0x00000b80      0xdb5 ./system/src/stm32f4-hal/stm32f4xx_hal_flash.o
 .debug_line    0x00001935      0xf6c ./system/src/stm32f4-hal/stm32f4xx_hal_flash_ex.o
 .debug_line    0x000028a1      0x3f2 ./system/src/newlib/assert.o
 .debug_line    0x00002c93      0x3b5 ./system/src/newlib/exit.o
 .debug_line    0x00003048      0x39f ./system/src/newlib/sbrk.o
 .debug_line    0x000033e7      0x68b ./system/src/newlib/startup.o
 .debug_line    0x00003a72      0x4c2 ./system/src/newlib/syscalls.o
 .debug_line    0x00003f34      0xb9f ./system/src/diag/trace-impl.o
 .debug_line    0x00004ad3      0x492 ./system/src/diag/trace.o
 .debug_line    0x00004f65      0xdd3 ./system/src/cortexm/exception-handlers.o
 .debug_line    0x00005d38      0x848 ./system/src/cortexm/initialize-hardware.o
 .debug_line    0x00006580      0x8da ./system/src/cmsis/system_stm32f4xx.o
 .debug_line    0x00006e5a      0x12c ./system/src/cmsis/vectors_stm32f401xc.o
 .debug_line    0x00006f86      0x41c ./src/main.o
 .debug_line    0x000073a2      0x3ee ./My_Include/03-MCAL/MUSART/MUSART_Program.o
 .debug_line    0x00007790      0x2cd ./My_Include/03-MCAL/MSTK/MSTK_Program.o
 .debug_line    0x00007a5d      0x1de ./My_Include/03-MCAL/MRCC/MRCC_Program.o
 .debug_line    0x00007c3b      0x617 ./My_Include/03-MCAL/MGPIO/MGPIO_Program.o
 .debug_line    0x00008252      0xe0a ./My_Include/03-MCAL/MFLASH/FLASH_SECTOR_F4.o

.debug_frame    0x00000000     0x12fc
 *(.debug_frame)
 .debug_frame   0x00000000      0x1f0 ./system/src/stm32f4-hal/stm32f4xx_hal.o
 .debug_frame   0x000001f0      0x18c ./system/src/stm32f4-hal/stm32f4xx_hal_flash.o
 .debug_frame   0x0000037c      0x208 ./system/src/stm32f4-hal/stm32f4xx_hal_flash_ex.o
 .debug_frame   0x00000584       0x40 ./system/src/newlib/assert.o
 .debug_frame   0x000005c4       0x38 ./system/src/newlib/exit.o
 .debug_frame   0x000005fc       0x28 ./system/src/newlib/sbrk.o
 .debug_frame   0x00000624       0x7c ./system/src/newlib/startup.o
 .debug_frame   0x000006a0       0x50 ./system/src/newlib/syscalls.o
 .debug_frame   0x000006f0       0x64 ./system/src/diag/trace-impl.o
 .debug_frame   0x00000754       0x94 ./system/src/diag/trace.o
 .debug_frame   0x000007e8      0x158 ./system/src/cortexm/exception-handlers.o
 .debug_frame   0x00000940       0x40 ./system/src/cortexm/initialize-hardware.o
 .debug_frame   0x00000980       0x30 ./system/src/cmsis/system_stm32f4xx.o
 .debug_frame   0x000009b0       0x20 ./system/src/cmsis/vectors_stm32f401xc.o
 .debug_frame   0x000009d0       0x78 ./src/main.o
 .debug_frame   0x00000a48       0xa0 ./My_Include/03-MCAL/MUSART/MUSART_Program.o
 .debug_frame   0x00000ae8       0xf8 ./My_Include/03-MCAL/MSTK/MSTK_Program.o
 .debug_frame   0x00000be0       0x70 ./My_Include/03-MCAL/MRCC/MRCC_Program.o
 .debug_frame   0x00000c50       0xc8 ./My_Include/03-MCAL/MGPIO/MGPIO_Program.o
 .debug_frame   0x00000d18      0x10c ./My_Include/03-MCAL/MFLASH/FLASH_SECTOR_F4.o
 .debug_frame   0x00000e24       0xac e:/iti/02- tools/03- imt sdk/imt_sdk_win_64/imt_sdk_win_64/winarm/armgcc/bin/../lib/gcc/arm-none-eabi/10.3.1/thumb/v7e-m/nofp\libgcc.a(_arm_addsubdf3.o)
 .debug_frame   0x00000ed0       0x50 e:/iti/02- tools/03- imt sdk/imt_sdk_win_64/imt_sdk_win_64/winarm/armgcc/bin/../lib/gcc/arm-none-eabi/10.3.1/thumb/v7e-m/nofp\libgcc.a(_arm_muldivdf3.o)
 .debug_frame   0x00000f20       0x24 e:/iti/02- tools/03- imt sdk/imt_sdk_win_64/imt_sdk_win_64/winarm/armgcc/bin/../lib/gcc/arm-none-eabi/10.3.1/thumb/v7e-m/nofp\libgcc.a(_arm_fixunsdfsi.o)
 .debug_frame   0x00000f44       0x20 e:/iti/02- tools/03- imt sdk/imt_sdk_win_64/imt_sdk_win_64/winarm/armgcc/bin/../lib/gcc/arm-none-eabi/10.3.1/../../../../arm-none-eabi/lib/thumb/v7e-m/nofp\libg_nano.a(lib_a-errno.o)
 .debug_frame   0x00000f64       0x20 e:/iti/02- tools/03- imt sdk/imt_sdk_win_64/imt_sdk_win_64/winarm/armgcc/bin/../lib/gcc/arm-none-eabi/10.3.1/../../../../arm-none-eabi/lib/thumb/v7e-m/nofp\libg_nano.a(lib_a-memset.o)
 .debug_frame   0x00000f84       0x4c e:/iti/02- tools/03- imt sdk/imt_sdk_win_64/imt_sdk_win_64/winarm/armgcc/bin/../lib/gcc/arm-none-eabi/10.3.1/../../../../arm-none-eabi/lib/thumb/v7e-m/nofp\libg_nano.a(lib_a-vsnprintf.o)
 .debug_frame   0x00000fd0       0x90 e:/iti/02- tools/03- imt sdk/imt_sdk_win_64/imt_sdk_win_64/winarm/armgcc/bin/../lib/gcc/arm-none-eabi/10.3.1/../../../../arm-none-eabi/lib/thumb/v7e-m/nofp\libg_nano.a(lib_a-nano-svfprintf.o)
 .debug_frame   0x00001060       0x60 e:/iti/02- tools/03- imt sdk/imt_sdk_win_64/imt_sdk_win_64/winarm/armgcc/bin/../lib/gcc/arm-none-eabi/10.3.1/../../../../arm-none-eabi/lib/thumb/v7e-m/nofp\libg_nano.a(lib_a-nano-vfprintf_i.o)
 .debug_frame   0x000010c0       0x28 e:/iti/02- tools/03- imt sdk/imt_sdk_win_64/imt_sdk_win_64/winarm/armgcc/bin/../lib/gcc/arm-none-eabi/10.3.1/../../../../arm-none-eabi/lib/thumb/v7e-m/nofp\libg_nano.a(lib_a-memcpy-stub.o)
 .debug_frame   0x000010e8       0x28 e:/iti/02- tools/03- imt sdk/imt_sdk_win_64/imt_sdk_win_64/winarm/armgcc/bin/../lib/gcc/arm-none-eabi/10.3.1/../../../../arm-none-eabi/lib/thumb/v7e-m/nofp\libg_nano.a(lib_a-memmove.o)
 .debug_frame   0x00001110       0x38 e:/iti/02- tools/03- imt sdk/imt_sdk_win_64/imt_sdk_win_64/winarm/armgcc/bin/../lib/gcc/arm-none-eabi/10.3.1/../../../../arm-none-eabi/lib/thumb/v7e-m/nofp\libg_nano.a(lib_a-nano-freer.o)
 .debug_frame   0x00001148       0x4c e:/iti/02- tools/03- imt sdk/imt_sdk_win_64/imt_sdk_win_64/winarm/armgcc/bin/../lib/gcc/arm-none-eabi/10.3.1/../../../../arm-none-eabi/lib/thumb/v7e-m/nofp\libg_nano.a(lib_a-nano-mallocr.o)
 .debug_frame   0x00001194       0x3c e:/iti/02- tools/03- imt sdk/imt_sdk_win_64/imt_sdk_win_64/winarm/armgcc/bin/../lib/gcc/arm-none-eabi/10.3.1/../../../../arm-none-eabi/lib/thumb/v7e-m/nofp\libg_nano.a(lib_a-nano-reallocr.o)
 .debug_frame   0x000011d0       0x2c e:/iti/02- tools/03- imt sdk/imt_sdk_win_64/imt_sdk_win_64/winarm/armgcc/bin/../lib/gcc/arm-none-eabi/10.3.1/../../../../arm-none-eabi/lib/thumb/v7e-m/nofp\libg_nano.a(lib_a-sbrkr.o)
 .debug_frame   0x000011fc       0x30 e:/iti/02- tools/03- imt sdk/imt_sdk_win_64/imt_sdk_win_64/winarm/armgcc/bin/../lib/gcc/arm-none-eabi/10.3.1/../../../../arm-none-eabi/lib/thumb/v7e-m/nofp\libg_nano.a(lib_a-mlock.o)
 .debug_frame   0x0000122c       0x20 e:/iti/02- tools/03- imt sdk/imt_sdk_win_64/imt_sdk_win_64/winarm/armgcc/bin/../lib/gcc/arm-none-eabi/10.3.1/../../../../arm-none-eabi/lib/thumb/v7e-m/nofp\libg_nano.a(lib_a-nano-msizer.o)
 .debug_frame   0x0000124c       0xb0 e:/iti/02- tools/03- imt sdk/imt_sdk_win_64/imt_sdk_win_64/winarm/armgcc/bin/../lib/gcc/arm-none-eabi/10.3.1/../../../../arm-none-eabi/lib/thumb/v7e-m/nofp\libg_nano.a(lib_a-lock.o)

.debug_str      0x00000000    0xaa299
 *(.debug_str)
 .debug_str     0x00000000    0xa06da ./system/src/stm32f4-hal/stm32f4xx_hal.o
                              0xa0a4f (size before relaxing)
 .debug_str     0x000a06da      0x301 ./system/src/stm32f4-hal/stm32f4xx_hal_flash.o
                              0xa01ed (size before relaxing)
 .debug_str     0x000a09db      0x2f9 ./system/src/stm32f4-hal/stm32f4xx_hal_flash_ex.o
                              0xa031b (size before relaxing)
 .debug_str     0x000a0cd4     0x4738 ./system/src/newlib/assert.o
                               0x82ba (size before relaxing)
 .debug_str     0x000a540c       0x32 ./system/src/newlib/exit.o
                               0x77b4 (size before relaxing)
 .debug_str     0x000a543e      0x4dd ./system/src/newlib/sbrk.o
                               0x6b95 (size before relaxing)
 .debug_str     0x000a591b      0x2cb ./system/src/newlib/startup.o
                               0x6401 (size before relaxing)
 .debug_str     0x000a5be6     0x1504 ./system/src/newlib/syscalls.o
                               0x80e2 (size before relaxing)
 .debug_str     0x000a70ea      0x38d ./system/src/diag/trace-impl.o
                              0xa37b6 (size before relaxing)
 .debug_str     0x000a7477      0x80d ./system/src/diag/trace.o
                               0x7f3b (size before relaxing)
 .debug_str     0x000a7c84      0x1f1 ./system/src/cortexm/exception-handlers.o
                              0xa4934 (size before relaxing)
 .debug_str     0x000a7e75       0x5d ./system/src/cortexm/initialize-hardware.o
                              0x9ff3e (size before relaxing)
 .debug_str     0x000a7ed2       0x73 ./system/src/cmsis/system_stm32f4xx.o
                              0xa003e (size before relaxing)
 .debug_str     0x000a7f45       0x59 ./system/src/cmsis/vectors_stm32f401xc.o
                               0x3855 (size before relaxing)
 .debug_str     0x000a7f9e      0x9fc ./src/main.o
                               0x41e4 (size before relaxing)
 .debug_str     0x000a899a      0xe60 ./My_Include/03-MCAL/MUSART/MUSART_Program.o
                               0x3dd9 (size before relaxing)
 .debug_str     0x000a97fa      0x2c2 ./My_Include/03-MCAL/MSTK/MSTK_Program.o
                               0x31ae (size before relaxing)
 .debug_str     0x000a9abc      0x2e2 ./My_Include/03-MCAL/MRCC/MRCC_Program.o
                               0x35f6 (size before relaxing)
 .debug_str     0x000a9d9e      0x3aa ./My_Include/03-MCAL/MGPIO/MGPIO_Program.o
                               0x3512 (size before relaxing)
 .debug_str     0x000aa148      0x151 ./My_Include/03-MCAL/MFLASH/FLASH_SECTOR_F4.o
                              0xa3dda (size before relaxing)

.debug_loc      0x00000000     0x30f6
 *(.debug_loc)
 .debug_loc     0x00000000      0x130 ./system/src/stm32f4-hal/stm32f4xx_hal.o
 .debug_loc     0x00000130      0x558 ./system/src/stm32f4-hal/stm32f4xx_hal_flash.o
 .debug_loc     0x00000688      0x8ea ./system/src/stm32f4-hal/stm32f4xx_hal_flash_ex.o
 .debug_loc     0x00000f72      0x17d ./system/src/newlib/assert.o
 .debug_loc     0x000010ef       0x15 ./system/src/newlib/exit.o
 .debug_loc     0x00001104       0x97 ./system/src/newlib/sbrk.o
 .debug_loc     0x0000119b      0x49b ./system/src/newlib/startup.o
 .debug_loc     0x00001636       0x6f ./system/src/newlib/syscalls.o
 .debug_loc     0x000016a5      0x1a3 ./system/src/diag/trace-impl.o
 .debug_loc     0x00001848      0x118 ./system/src/diag/trace.o
 .debug_loc     0x00001960      0x35c ./system/src/cortexm/exception-handlers.o
 .debug_loc     0x00001cbc      0x158 ./system/src/cmsis/system_stm32f4xx.o
 .debug_loc     0x00001e14      0x203 ./src/main.o
 .debug_loc     0x00002017      0x12d ./My_Include/03-MCAL/MUSART/MUSART_Program.o
 .debug_loc     0x00002144       0xf9 ./My_Include/03-MCAL/MSTK/MSTK_Program.o
 .debug_loc     0x0000223d      0x1f0 ./My_Include/03-MCAL/MRCC/MRCC_Program.o
 .debug_loc     0x0000242d      0x75e ./My_Include/03-MCAL/MGPIO/MGPIO_Program.o
 .debug_loc     0x00002b8b      0x56b ./My_Include/03-MCAL/MFLASH/FLASH_SECTOR_F4.o

.debug_macinfo
 *(.debug_macinfo)

.debug_weaknames
 *(.debug_weaknames)

.debug_funcnames
 *(.debug_funcnames)

.debug_typenames
 *(.debug_typenames)

.debug_varnames
 *(.debug_varnames)
OUTPUT(BOOTLOADER.elf elf32-littlearm)
LOAD linker stubs

.debug_ranges   0x00000000      0x5f0
 .debug_ranges  0x00000000       0xe0 ./system/src/stm32f4-hal/stm32f4xx_hal.o
 .debug_ranges  0x000000e0       0x90 ./system/src/stm32f4-hal/stm32f4xx_hal_flash.o
 .debug_ranges  0x00000170       0xb8 ./system/src/stm32f4-hal/stm32f4xx_hal_flash_ex.o
 .debug_ranges  0x00000228       0x18 ./system/src/newlib/assert.o
 .debug_ranges  0x00000240       0x18 ./system/src/newlib/exit.o
 .debug_ranges  0x00000258       0x10 ./system/src/newlib/sbrk.o
 .debug_ranges  0x00000268       0x78 ./system/src/newlib/startup.o
 .debug_ranges  0x000002e0       0x20 ./system/src/newlib/syscalls.o
 .debug_ranges  0x00000300       0x38 ./system/src/diag/trace-impl.o
 .debug_ranges  0x00000338       0x28 ./system/src/diag/trace.o
 .debug_ranges  0x00000360       0x98 ./system/src/cortexm/exception-handlers.o
 .debug_ranges  0x000003f8       0x18 ./system/src/cortexm/initialize-hardware.o
 .debug_ranges  0x00000410       0x18 ./system/src/cmsis/system_stm32f4xx.o
 .debug_ranges  0x00000428       0x10 ./system/src/cmsis/vectors_stm32f401xc.o
 .debug_ranges  0x00000438       0x28 ./src/main.o
 .debug_ranges  0x00000460       0x40 ./My_Include/03-MCAL/MUSART/MUSART_Program.o
 .debug_ranges  0x000004a0       0x78 ./My_Include/03-MCAL/MSTK/MSTK_Program.o
 .debug_ranges  0x00000518       0x38 ./My_Include/03-MCAL/MRCC/MRCC_Program.o
 .debug_ranges  0x00000550       0x48 ./My_Include/03-MCAL/MGPIO/MGPIO_Program.o
 .debug_ranges  0x00000598       0x58 ./My_Include/03-MCAL/MFLASH/FLASH_SECTOR_F4.o

.debug_macro    0x00000000    0x1c846
 .debug_macro   0x00000000      0x3e6 ./system/src/stm32f4-hal/stm32f4xx_hal.o
 .debug_macro   0x000003e6      0xa7e ./system/src/stm32f4-hal/stm32f4xx_hal.o
 .debug_macro   0x00000e64      0x3a2 ./system/src/stm32f4-hal/stm32f4xx_hal.o
 .debug_macro   0x00001206       0x2e ./system/src/stm32f4-hal/stm32f4xx_hal.o
 .debug_macro   0x00001234       0x28 ./system/src/stm32f4-hal/stm32f4xx_hal.o
 .debug_macro   0x0000125c      0x34e ./system/src/stm32f4-hal/stm32f4xx_hal.o
 .debug_macro   0x000015aa       0x1c ./system/src/stm32f4-hal/stm32f4xx_hal.o
 .debug_macro   0x000015c6       0x22 ./system/src/stm32f4-hal/stm32f4xx_hal.o
 .debug_macro   0x000015e8       0xd9 ./system/src/stm32f4-hal/stm32f4xx_hal.o
 .debug_macro   0x000016c1     0x102d ./system/src/stm32f4-hal/stm32f4xx_hal.o
 .debug_macro   0x000026ee      0x11f ./system/src/stm32f4-hal/stm32f4xx_hal.o
 .debug_macro   0x0000280d     0xb850 ./system/src/stm32f4-hal/stm32f4xx_hal.o
 .debug_macro   0x0000e05d       0x43 ./system/src/stm32f4-hal/stm32f4xx_hal.o
 .debug_macro   0x0000e0a0     0x3659 ./system/src/stm32f4-hal/stm32f4xx_hal.o
 .debug_macro   0x000116f9      0x174 ./system/src/stm32f4-hal/stm32f4xx_hal.o
 .debug_macro   0x0001186d       0x5a ./system/src/stm32f4-hal/stm32f4xx_hal.o
 .debug_macro   0x000118c7      0x416 ./system/src/stm32f4-hal/stm32f4xx_hal.o
 .debug_macro   0x00011cdd      0x9fe ./system/src/stm32f4-hal/stm32f4xx_hal.o
 .debug_macro   0x000126db      0x117 ./system/src/stm32f4-hal/stm32f4xx_hal.o
 .debug_macro   0x000127f2       0xf8 ./system/src/stm32f4-hal/stm32f4xx_hal.o
 .debug_macro   0x000128ea       0x27 ./system/src/stm32f4-hal/stm32f4xx_hal.o
 .debug_macro   0x00012911      0x15f ./system/src/stm32f4-hal/stm32f4xx_hal.o
 .debug_macro   0x00012a70      0x287 ./system/src/stm32f4-hal/stm32f4xx_hal.o
 .debug_macro   0x00012cf7       0x5f ./system/src/stm32f4-hal/stm32f4xx_hal.o
 .debug_macro   0x00012d56      0x236 ./system/src/stm32f4-hal/stm32f4xx_hal.o
 .debug_macro   0x00012f8c      0x391 ./system/src/stm32f4-hal/stm32f4xx_hal.o
 .debug_macro   0x0001331d      0x176 ./system/src/stm32f4-hal/stm32f4xx_hal.o
 .debug_macro   0x00013493       0xf9 ./system/src/stm32f4-hal/stm32f4xx_hal.o
 .debug_macro   0x0001358c       0x22 ./system/src/stm32f4-hal/stm32f4xx_hal.o
 .debug_macro   0x000135ae      0x132 ./system/src/stm32f4-hal/stm32f4xx_hal.o
 .debug_macro   0x000136e0      0x23a ./system/src/stm32f4-hal/stm32f4xx_hal.o
 .debug_macro   0x0001391a       0x2e ./system/src/stm32f4-hal/stm32f4xx_hal.o
 .debug_macro   0x00013948      0x1b5 ./system/src/stm32f4-hal/stm32f4xx_hal.o
 .debug_macro   0x00013afd       0x22 ./system/src/stm32f4-hal/stm32f4xx_hal.o
 .debug_macro   0x00013b1f       0xd6 ./system/src/stm32f4-hal/stm32f4xx_hal.o
 .debug_macro   0x00013bf5      0x279 ./system/src/stm32f4-hal/stm32f4xx_hal.o
 .debug_macro   0x00013e6e      0x1a7 ./system/src/stm32f4-hal/stm32f4xx_hal.o
 .debug_macro   0x00014015       0x46 ./system/src/stm32f4-hal/stm32f4xx_hal.o
 .debug_macro   0x0001405b       0x4a ./system/src/stm32f4-hal/stm32f4xx_hal.o
 .debug_macro   0x000140a5       0x78 ./system/src/stm32f4-hal/stm32f4xx_hal.o
 .debug_macro   0x0001411d      0x11a ./system/src/stm32f4-hal/stm32f4xx_hal.o
 .debug_macro   0x00014237       0x85 ./system/src/stm32f4-hal/stm32f4xx_hal.o
 .debug_macro   0x000142bc       0x89 ./system/src/stm32f4-hal/stm32f4xx_hal.o
 .debug_macro   0x00014345      0x31a ./system/src/stm32f4-hal/stm32f4xx_hal.o
 .debug_macro   0x0001465f      0x405 ./system/src/stm32f4-hal/stm32f4xx_hal.o
 .debug_macro   0x00014a64       0xe4 ./system/src/stm32f4-hal/stm32f4xx_hal.o
 .debug_macro   0x00014b48      0x861 ./system/src/stm32f4-hal/stm32f4xx_hal.o
 .debug_macro   0x000153a9      0x1d5 ./system/src/stm32f4-hal/stm32f4xx_hal.o
 .debug_macro   0x0001557e      0x225 ./system/src/stm32f4-hal/stm32f4xx_hal.o
 .debug_macro   0x000157a3      0x8a0 ./system/src/stm32f4-hal/stm32f4xx_hal.o
 .debug_macro   0x00016043       0x47 ./system/src/stm32f4-hal/stm32f4xx_hal.o
 .debug_macro   0x0001608a      0x287 ./system/src/stm32f4-hal/stm32f4xx_hal.o
 .debug_macro   0x00016311      0x217 ./system/src/stm32f4-hal/stm32f4xx_hal.o
 .debug_macro   0x00016528      0x1b5 ./system/src/stm32f4-hal/stm32f4xx_hal.o
 .debug_macro   0x000166dd      0x2db ./system/src/stm32f4-hal/stm32f4xx_hal.o
 .debug_macro   0x000169b8       0x8d ./system/src/stm32f4-hal/stm32f4xx_hal.o
 .debug_macro   0x00016a45      0x21e ./system/src/stm32f4-hal/stm32f4xx_hal.o
 .debug_macro   0x00016c63       0xba ./system/src/stm32f4-hal/stm32f4xx_hal.o
 .debug_macro   0x00016d1d       0x6e ./system/src/stm32f4-hal/stm32f4xx_hal.o
 .debug_macro   0x00016d8b      0x1e9 ./system/src/stm32f4-hal/stm32f4xx_hal.o
 .debug_macro   0x00016f74      0x126 ./system/src/stm32f4-hal/stm32f4xx_hal.o
 .debug_macro   0x0001709a      0x38c ./system/src/stm32f4-hal/stm32f4xx_hal_flash.o
 .debug_macro   0x00017426      0x38c ./system/src/stm32f4-hal/stm32f4xx_hal_flash_ex.o
 .debug_macro   0x000177b2      0x1ca ./system/src/newlib/assert.o
 .debug_macro   0x0001797c       0x22 ./system/src/newlib/assert.o
 .debug_macro   0x0001799e       0x5e ./system/src/newlib/assert.o
 .debug_macro   0x000179fc       0x18 ./system/src/newlib/assert.o
 .debug_macro   0x00017a14       0x94 ./system/src/newlib/assert.o
 .debug_macro   0x00017aa8       0x35 ./system/src/newlib/assert.o
 .debug_macro   0x00017add       0x34 ./system/src/newlib/assert.o
 .debug_macro   0x00017b11       0x1c ./system/src/newlib/assert.o
 .debug_macro   0x00017b2d       0x16 ./system/src/newlib/assert.o
 .debug_macro   0x00017b43      0x10e ./system/src/newlib/assert.o
 .debug_macro   0x00017c51       0x8d ./system/src/newlib/assert.o
 .debug_macro   0x00017cde       0x16 ./system/src/newlib/assert.o
 .debug_macro   0x00017cf4       0x43 ./system/src/newlib/assert.o
 .debug_macro   0x00017d37       0x57 ./system/src/newlib/assert.o
 .debug_macro   0x00017d8e       0x34 ./system/src/newlib/assert.o
 .debug_macro   0x00017dc2       0x10 ./system/src/newlib/assert.o
 .debug_macro   0x00017dd2       0x58 ./system/src/newlib/assert.o
 .debug_macro   0x00017e2a      0x182 ./system/src/newlib/assert.o
 .debug_macro   0x00017fac      0x341 ./system/src/newlib/assert.o
 .debug_macro   0x000182ed       0x16 ./system/src/newlib/assert.o
 .debug_macro   0x00018303       0x29 ./system/src/newlib/assert.o
 .debug_macro   0x0001832c       0x16 ./system/src/newlib/assert.o
 .debug_macro   0x00018342       0x10 ./system/src/newlib/assert.o
 .debug_macro   0x00018352       0x6a ./system/src/newlib/assert.o
 .debug_macro   0x000183bc       0x1c ./system/src/newlib/assert.o
 .debug_macro   0x000183d8       0x52 ./system/src/newlib/assert.o
 .debug_macro   0x0001842a       0x22 ./system/src/newlib/assert.o
 .debug_macro   0x0001844c       0x10 ./system/src/newlib/assert.o
 .debug_macro   0x0001845c       0x52 ./system/src/newlib/assert.o
 .debug_macro   0x000184ae       0xd5 ./system/src/newlib/assert.o
 .debug_macro   0x00018583       0x1c ./system/src/newlib/assert.o
 .debug_macro   0x0001859f       0x3d ./system/src/newlib/assert.o
 .debug_macro   0x000185dc       0x35 ./system/src/newlib/assert.o
 .debug_macro   0x00018611      0x51a ./system/src/newlib/assert.o
 .debug_macro   0x00018b2b      0x1ae ./system/src/newlib/exit.o
 .debug_macro   0x00018cd9      0x163 ./system/src/newlib/sbrk.o
 .debug_macro   0x00018e3c       0x10 ./system/src/newlib/sbrk.o
 .debug_macro   0x00018e4c      0x23b ./system/src/newlib/sbrk.o
 .debug_macro   0x00019087      0x15f ./system/src/newlib/startup.o
 .debug_macro   0x000191e6      0xa84 ./system/src/newlib/startup.o
 .debug_macro   0x00019c6a      0x220 ./system/src/newlib/syscalls.o
 .debug_macro   0x00019e8a       0x1c ./system/src/newlib/syscalls.o
 .debug_macro   0x00019ea6       0x10 ./system/src/newlib/syscalls.o
 .debug_macro   0x00019eb6       0x10 ./system/src/newlib/syscalls.o
 .debug_macro   0x00019ec6       0x10 ./system/src/newlib/syscalls.o
 .debug_macro   0x00019ed6       0x35 ./system/src/newlib/syscalls.o
 .debug_macro   0x00019f0b      0x12c ./system/src/newlib/syscalls.o
 .debug_macro   0x0001a037       0xce ./system/src/newlib/syscalls.o
 .debug_macro   0x0001a105       0x7c ./system/src/newlib/syscalls.o
 .debug_macro   0x0001a181       0x17 ./system/src/newlib/syscalls.o
 .debug_macro   0x0001a198      0x118 ./system/src/newlib/syscalls.o
 .debug_macro   0x0001a2b0      0x189 ./system/src/newlib/syscalls.o
 .debug_macro   0x0001a439       0x16 ./system/src/newlib/syscalls.o
 .debug_macro   0x0001a44f      0x4e6 ./system/src/diag/trace-impl.o
 .debug_macro   0x0001a935       0x10 ./system/src/diag/trace-impl.o
 .debug_macro   0x0001a945       0x22 ./system/src/diag/trace-impl.o
 .debug_macro   0x0001a967      0x1f5 ./system/src/diag/trace.o
 .debug_macro   0x0001ab5c       0x16 ./system/src/diag/trace.o
 .debug_macro   0x0001ab72       0x97 ./system/src/diag/trace.o
 .debug_macro   0x0001ac09       0xfd ./system/src/diag/trace.o
 .debug_macro   0x0001ad06       0x10 ./system/src/diag/trace.o
 .debug_macro   0x0001ad16       0x16 ./system/src/diag/trace.o
 .debug_macro   0x0001ad2c      0x16f ./system/src/diag/trace.o
 .debug_macro   0x0001ae9b       0x4c ./system/src/diag/trace.o
 .debug_macro   0x0001aee7       0x16 ./system/src/diag/trace.o
 .debug_macro   0x0001aefd      0x544 ./system/src/cortexm/exception-handlers.o
 .debug_macro   0x0001b441       0x10 ./system/src/cortexm/exception-handlers.o
 .debug_macro   0x0001b451      0x390 ./system/src/cortexm/initialize-hardware.o
 .debug_macro   0x0001b7e1      0x38c ./system/src/cmsis/system_stm32f4xx.o
 .debug_macro   0x0001bb6d       0x34 ./system/src/cmsis/vectors_stm32f401xc.o
 .debug_macro   0x0001bba1       0x7e ./src/main.o
 .debug_macro   0x0001bc1f       0x2e ./src/main.o
 .debug_macro   0x0001bc4d       0x3e ./My_Include/03-MCAL/MUSART/MUSART_Program.o
 .debug_macro   0x0001bc8b       0xed ./My_Include/03-MCAL/MUSART/MUSART_Program.o
 .debug_macro   0x0001bd78      0x13f ./My_Include/03-MCAL/MUSART/MUSART_Program.o
 .debug_macro   0x0001beb7       0x3f ./My_Include/03-MCAL/MSTK/MSTK_Program.o
 .debug_macro   0x0001bef6       0x46 ./My_Include/03-MCAL/MSTK/MSTK_Program.o
 .debug_macro   0x0001bf3c       0x10 ./My_Include/03-MCAL/MSTK/MSTK_Program.o
 .debug_macro   0x0001bf4c       0x3e ./My_Include/03-MCAL/MRCC/MRCC_Program.o
 .debug_macro   0x0001bf8a       0x10 ./My_Include/03-MCAL/MRCC/MRCC_Program.o
 .debug_macro   0x0001bf9a      0x100 ./My_Include/03-MCAL/MRCC/MRCC_Program.o
 .debug_macro   0x0001c09a       0x88 ./My_Include/03-MCAL/MRCC/MRCC_Program.o
 .debug_macro   0x0001c122       0x3f ./My_Include/03-MCAL/MGPIO/MGPIO_Program.o
 .debug_macro   0x0001c161      0x136 ./My_Include/03-MCAL/MGPIO/MGPIO_Program.o
 .debug_macro   0x0001c297       0x5e ./My_Include/03-MCAL/MGPIO/MGPIO_Program.o
 .debug_macro   0x0001c2f5      0x535 ./My_Include/03-MCAL/MFLASH/FLASH_SECTOR_F4.o
 .debug_macro   0x0001c82a       0x1c ./My_Include/03-MCAL/MFLASH/FLASH_SECTOR_F4.o
