Archive member included to satisfy reference by file (symbol)

e:/iti/02- tools/03- imt sdk/imt_sdk_win_64/imt_sdk_win_64/winarm/armgcc/bin/../lib/gcc/arm-none-eabi/10.3.1/thumb/v7e-m/nofp\libgcc.a(_arm_muldf3.o)
                              ./My_Include/03-MCAL/MUSART/MUSART_Program.o (__aeabi_dmul)
e:/iti/02- tools/03- imt sdk/imt_sdk_win_64/imt_sdk_win_64/winarm/armgcc/bin/../lib/gcc/arm-none-eabi/10.3.1/thumb/v7e-m/nofp\libgcc.a(_arm_addsubdf3.o)
                              ./My_Include/03-MCAL/MUSART/MUSART_Program.o (__aeabi_dsub)
e:/iti/02- tools/03- imt sdk/imt_sdk_win_64/imt_sdk_win_64/winarm/armgcc/bin/../lib/gcc/arm-none-eabi/10.3.1/thumb/v7e-m/nofp\libgcc.a(_arm_muldivdf3.o)
                              ./My_Include/03-MCAL/MUSART/MUSART_Program.o (__aeabi_ddiv)
e:/iti/02- tools/03- imt sdk/imt_sdk_win_64/imt_sdk_win_64/winarm/armgcc/bin/../lib/gcc/arm-none-eabi/10.3.1/thumb/v7e-m/nofp\libgcc.a(_arm_fixunsdfsi.o)
                              ./My_Include/03-MCAL/MUSART/MUSART_Program.o (__aeabi_d2uiz)
e:/iti/02- tools/03- imt sdk/imt_sdk_win_64/imt_sdk_win_64/winarm/armgcc/bin/../lib/gcc/arm-none-eabi/10.3.1/thumb/v7e-m/nofp\libgcc.a(_aeabi_uldivmod.o)
                              ./system/src/stm32f4-hal/stm32f4xx_hal_rcc.o (__aeabi_uldivmod)
e:/iti/02- tools/03- imt sdk/imt_sdk_win_64/imt_sdk_win_64/winarm/armgcc/bin/../lib/gcc/arm-none-eabi/10.3.1/thumb/v7e-m/nofp\libgcc.a(_udivmoddi4.o)
                              e:/iti/02- tools/03- imt sdk/imt_sdk_win_64/imt_sdk_win_64/winarm/armgcc/bin/../lib/gcc/arm-none-eabi/10.3.1/thumb/v7e-m/nofp\libgcc.a(_aeabi_uldivmod.o) (__udivmoddi4)
e:/iti/02- tools/03- imt sdk/imt_sdk_win_64/imt_sdk_win_64/winarm/armgcc/bin/../lib/gcc/arm-none-eabi/10.3.1/thumb/v7e-m/nofp\libgcc.a(_dvmd_tls.o)
                              e:/iti/02- tools/03- imt sdk/imt_sdk_win_64/imt_sdk_win_64/winarm/armgcc/bin/../lib/gcc/arm-none-eabi/10.3.1/thumb/v7e-m/nofp\libgcc.a(_aeabi_uldivmod.o) (__aeabi_ldiv0)
e:/iti/02- tools/03- imt sdk/imt_sdk_win_64/imt_sdk_win_64/winarm/armgcc/bin/../lib/gcc/arm-none-eabi/10.3.1/../../../../arm-none-eabi/lib/thumb/v7e-m/nofp\libg_nano.a(lib_a-errno.o)
                              ./system/src/newlib/sbrk.o (__errno)
e:/iti/02- tools/03- imt sdk/imt_sdk_win_64/imt_sdk_win_64/winarm/armgcc/bin/../lib/gcc/arm-none-eabi/10.3.1/../../../../arm-none-eabi/lib/thumb/v7e-m/nofp\libg_nano.a(lib_a-impure.o)
                              e:/iti/02- tools/03- imt sdk/imt_sdk_win_64/imt_sdk_win_64/winarm/armgcc/bin/../lib/gcc/arm-none-eabi/10.3.1/../../../../arm-none-eabi/lib/thumb/v7e-m/nofp\libg_nano.a(lib_a-errno.o) (_impure_ptr)
e:/iti/02- tools/03- imt sdk/imt_sdk_win_64/imt_sdk_win_64/winarm/armgcc/bin/../lib/gcc/arm-none-eabi/10.3.1/../../../../arm-none-eabi/lib/thumb/v7e-m/nofp\libg_nano.a(lib_a-strlen.o)
                              ./system/src/diag/trace.o (strlen)
e:/iti/02- tools/03- imt sdk/imt_sdk_win_64/imt_sdk_win_64/winarm/armgcc/bin/../lib/gcc/arm-none-eabi/10.3.1/../../../../arm-none-eabi/lib/thumb/v7e-m/nofp\libg_nano.a(lib_a-vsnprintf.o)
                              ./system/src/diag/trace.o (vsnprintf)
e:/iti/02- tools/03- imt sdk/imt_sdk_win_64/imt_sdk_win_64/winarm/armgcc/bin/../lib/gcc/arm-none-eabi/10.3.1/../../../../arm-none-eabi/lib/thumb/v7e-m/nofp\libg_nano.a(lib_a-nano-svfprintf.o)
                              e:/iti/02- tools/03- imt sdk/imt_sdk_win_64/imt_sdk_win_64/winarm/armgcc/bin/../lib/gcc/arm-none-eabi/10.3.1/../../../../arm-none-eabi/lib/thumb/v7e-m/nofp\libg_nano.a(lib_a-vsnprintf.o) (_svfprintf_r)
e:/iti/02- tools/03- imt sdk/imt_sdk_win_64/imt_sdk_win_64/winarm/armgcc/bin/../lib/gcc/arm-none-eabi/10.3.1/../../../../arm-none-eabi/lib/thumb/v7e-m/nofp\libg_nano.a(lib_a-nano-vfprintf_i.o)
                              e:/iti/02- tools/03- imt sdk/imt_sdk_win_64/imt_sdk_win_64/winarm/armgcc/bin/../lib/gcc/arm-none-eabi/10.3.1/../../../../arm-none-eabi/lib/thumb/v7e-m/nofp\libg_nano.a(lib_a-nano-svfprintf.o) (_printf_i)
e:/iti/02- tools/03- imt sdk/imt_sdk_win_64/imt_sdk_win_64/winarm/armgcc/bin/../lib/gcc/arm-none-eabi/10.3.1/../../../../arm-none-eabi/lib/thumb/v7e-m/nofp\libg_nano.a(lib_a-memchr.o)
                              e:/iti/02- tools/03- imt sdk/imt_sdk_win_64/imt_sdk_win_64/winarm/armgcc/bin/../lib/gcc/arm-none-eabi/10.3.1/../../../../arm-none-eabi/lib/thumb/v7e-m/nofp\libg_nano.a(lib_a-nano-svfprintf.o) (memchr)
e:/iti/02- tools/03- imt sdk/imt_sdk_win_64/imt_sdk_win_64/winarm/armgcc/bin/../lib/gcc/arm-none-eabi/10.3.1/../../../../arm-none-eabi/lib/thumb/v7e-m/nofp\libg_nano.a(lib_a-memcpy-stub.o)
                              e:/iti/02- tools/03- imt sdk/imt_sdk_win_64/imt_sdk_win_64/winarm/armgcc/bin/../lib/gcc/arm-none-eabi/10.3.1/../../../../arm-none-eabi/lib/thumb/v7e-m/nofp\libg_nano.a(lib_a-nano-svfprintf.o) (memcpy)
[...]
Memory Configuration

Name             Origin             Length             Attributes
RAM              0x20000000         0x00010000         xrw
CCMRAM           0x10000000         0x00000000         xrw
FLASH            0x08000000         0x00040000         xr
FLASHB1          0x00000000         0x00000000         xr
EXTMEMB0         0x00000000         0x00000000         xr
EXTMEMB1         0x00000000         0x00000000         xr
EXTMEMB2         0x00000000         0x00000000         xr
EXTMEMB3         0x00000000         0x00000000         xr
*default*        0x00000000         0xffffffff

Linker script and memory map

LOAD ./system/src/stm32f4-hal/stm32f4xx_hal.o
LOAD ./system/src/stm32f4-hal/stm32f4xx_hal_cortex.o
LOAD ./system/src/stm32f4-hal/stm32f4xx_hal_flash.o
LOAD ./system/src/stm32f4-hal/stm32f4xx_hal_flash_ex.o
LOAD ./system/src/stm32f4-hal/stm32f4xx_hal_flash_ramfunc.o
LOAD ./system/src/stm32f4-hal/stm32f4xx_hal_gpio.o
LOAD ./system/src/stm32f4-hal/stm32f4xx_hal_iwdg.o
LOAD ./system/src/stm32f4-hal/stm32f4xx_hal_pwr.o
LOAD ./system/src/stm32f4-hal/stm32f4xx_hal_rcc.o
LOAD ./system/src/newlib/assert.o
LOAD ./system/src/newlib/cxx.o
LOAD ./system/src/newlib/exit.o
LOAD ./system/src/newlib/sbrk.o
LOAD ./system/src/newlib/startup.o
LOAD ./system/src/newlib/syscalls.o
LOAD ./system/src/diag/trace-impl.o
LOAD ./system/src/diag/trace.o
LOAD ./system/src/cortexm/exception-handlers.o
LOAD ./system/src/cortexm/initialize-hardware.o
LOAD ./system/src/cortexm/reset-hardware.o
LOAD ./system/src/cmsis/system_stm32f4xx.o
LOAD ./system/src/cmsis/vectors_stm32f401xc.o
LOAD ./src/MyTasks.o
LOAD ./src/main.o
LOAD ./src/stm32f4xx_hal_msp.o
LOAD ./My_Include/03-MCAL/MUSART/MUSART_Program.o
LOAD ./My_Include/03-MCAL/MSTK/MSTK_Program.o
LOAD ./My_Include/03-MCAL/MRCC/MRCC_Program.o
LOAD ./My_Include/03-MCAL/MNVIC/NVIC_PROG.o
LOAD ./My_Include/03-MCAL/MGPIO/MGPIO_Program.o
LOAD ./My_Include/03-MCAL/MEXTI/MEXTI_Config.o
LOAD ./My_Include/03-MCAL/MEXTI/MEXTI_Program.o
LOAD e:/iti/02- tools/03- imt sdk/imt_sdk_win_64/imt_sdk_win_64/winarm/armgcc/bin/../lib/gcc/arm-none-eabi/10.3.1/../../../../arm-none-eabi/lib/thumb/v7e-m/nofp\libstdc++_nano.a
LOAD e:/iti/02- tools/03- imt sdk/imt_sdk_win_64/imt_sdk_win_64/winarm/armgcc/bin/../lib/gcc/arm-none-eabi/10.3.1/../../../../arm-none-eabi/lib/thumb/v7e-m/nofp\libm.a
START GROUP
LOAD e:/iti/02- tools/03- imt sdk/imt_sdk_win_64/imt_sdk_win_64/winarm/armgcc/bin/../lib/gcc/arm-none-eabi/10.3.1/thumb/v7e-m/nofp\libgcc.a
LOAD e:/iti/02- tools/03- imt sdk/imt_sdk_win_64/imt_sdk_win_64/winarm/armgcc/bin/../lib/gcc/arm-none-eabi/10.3.1/../../../../arm-none-eabi/lib/thumb/v7e-m/nofp\libg_nano.a
LOAD e:/iti/02- tools/03- imt sdk/imt_sdk_win_64/imt_sdk_win_64/winarm/armgcc/bin/../lib/gcc/arm-none-eabi/10.3.1/../../../../arm-none-eabi/lib/thumb/v7e-m/nofp\libc_nano.a
END GROUP
START GROUP
LOAD e:/iti/02- tools/03- imt sdk/imt_sdk_win_64/imt_sdk_win_64/winarm/armgcc/bin/../lib/gcc/arm-none-eabi/10.3.1/thumb/v7e-m/nofp\libgcc.a
LOAD e:/iti/02- tools/03- imt sdk/imt_sdk_win_64/imt_sdk_win_64/winarm/armgcc/bin/../lib/gcc/arm-none-eabi/10.3.1/../../../../arm-none-eabi/lib/thumb/v7e-m/nofp\libc_nano.a
END GROUP
                0x20010000                __stack = (ORIGIN (RAM) + LENGTH (RAM))
                0x20010000                _estack = __stack
                0x00000400                __Main_Stack_Size = 0x400
                [!provide]                PROVIDE (_Main_Stack_Size = __Main_Stack_Size)
                0x2000fc00                __Main_Stack_Limit = (__stack - __Main_Stack_Size)
                [!provide]                PROVIDE (_Main_Stack_Limit = __Main_Stack_Limit)
                0x00000100                _Minimum_Stack_Size = 0x100
                0x20000120                PROVIDE (_Heap_Begin = _end_noinit)
                0x2000fc00                PROVIDE (_Heap_Limit = (__stack - __Main_Stack_Size))

.isr_vector     0x08000000      0x3f4
 FILL mask 0xff
                0x08000000                __vectors_start = ABSOLUTE (.)
                0x08000000                __vectors_start__ = ABSOLUTE (.)
 *(.isr_vector)
 .isr_vector    0x08000000      0x194 ./system/src/cmsis/vectors_stm32f401xc.o
                0x08000000                __isr_vectors
 *(.cfmconfig)
 *(.after_vectors .after_vectors.*)
 .after_vectors
                0x08000194      0x130 ./system/src/newlib/startup.o
                0x08000194                _start
 .after_vectors
                0x080002c4      0x12c ./system/src/cortexm/exception-handlers.o
                0x080002c4                Reset_Handler
                0x080002ca                NMI_Handler
                0x080002ce                HardFault_Handler
                0x080002e2                HardFault_Handler_C
                0x08000340                MemManage_Handler
                0x08000344                BusFault_Handler
                0x08000358                BusFault_Handler_C
                0x0800038c                UsageFault_Handler
                0x080003a0                UsageFault_Handler_C
                0x080003d4                SVC_Handler
                0x080003d8                DebugMon_Handler
                0x080003dc                PendSV_Handler
 .after_vectors
                0x080003f0        0x4 ./system/src/cmsis/vectors_stm32f401xc.o
                0x080003f0                RTC_Alarm_IRQHandler
                0x080003f0                EXTI2_IRQHandler
                0x080003f0                SPI4_IRQHandler
                0x080003f0                TIM1_CC_IRQHandler
                0x080003f0                DMA2_Stream5_IRQHandler
                0x080003f0                DMA1_Stream5_IRQHandler
                0x080003f0                PVD_IRQHandler
                0x080003f0                SDIO_IRQHandler
                0x080003f0                TAMP_STAMP_IRQHandler
                0x080003f0                EXTI3_IRQHandler
                0x080003f0                TIM1_UP_TIM10_IRQHandler
                0x080003f0                I2C3_ER_IRQHandler
                0x080003f0                EXTI0_IRQHandler
                0x080003f0                I2C2_EV_IRQHandler
                0x080003f0                DMA1_Stream2_IRQHandler
                0x080003f0                FPU_IRQHandler
                0x080003f0                DMA2_Stream2_IRQHandler
                0x080003f0                SPI1_IRQHandler
                0x080003f0                TIM1_BRK_TIM9_IRQHandler
                0x080003f0                DMA2_Stream3_IRQHandler
                0x080003f0                USART6_IRQHandler
                0x080003f0                DMA2_Stream0_IRQHandler
                0x080003f0                TIM4_IRQHandler
                0x080003f0                I2C1_EV_IRQHandler
                0x080003f0                DMA1_Stream6_IRQHandler
                0x080003f0                DMA1_Stream1_IRQHandler
                0x080003f0                TIM3_IRQHandler
                0x080003f0                RCC_IRQHandler
                0x080003f0                Default_Handler
                0x080003f0                EXTI15_10_IRQHandler
                0x080003f0                ADC_IRQHandler
                0x080003f0                DMA1_Stream7_IRQHandler
                0x080003f0                TIM5_IRQHandler
                0x080003f0                DMA2_Stream7_IRQHandler
                0x080003f0                I2C3_EV_IRQHandler
                0x080003f0                EXTI9_5_IRQHandler
                0x080003f0                RTC_WKUP_IRQHandler
                0x080003f0                SPI2_IRQHandler
                0x080003f0                DMA1_Stream0_IRQHandler
                0x080003f0                EXTI4_IRQHandler
                0x080003f0                WWDG_IRQHandler
                0x080003f0                TIM2_IRQHandler
                0x080003f0                OTG_FS_WKUP_IRQHandler
                0x080003f0                TIM1_TRG_COM_TIM11_IRQHandler
                0x080003f0                EXTI1_IRQHandler
                0x080003f0                USART2_IRQHandler
                0x080003f0                I2C2_ER_IRQHandler
                0x080003f0                DMA2_Stream1_IRQHandler
                0x080003f0                FLASH_IRQHandler
                0x080003f0                DMA2_Stream4_IRQHandler
                0x080003f0                OTG_FS_IRQHandler
                0x080003f0                SPI3_IRQHandler
                0x080003f0                DMA1_Stream4_IRQHandler
                0x080003f0                I2C1_ER_IRQHandler
                0x080003f0                DMA2_Stream6_IRQHandler
                0x080003f0                DMA1_Stream3_IRQHandler

.inits          0x080003f4       0x28
                0x080003f4                __data_regions_array_start = .
                0x080003f4        0x4 LONG 0x8002164 LOADADDR (.data)
                0x080003f8        0x4 LONG 0x20000000 ADDR (.data)
                0x080003fc        0x4 LONG 0x20000078 (ADDR (.data) + SIZEOF (.data))
                0x08000400        0x4 LONG 0x8002164 LOADADDR (.data_CCMRAM)
                0x08000404        0x4 LONG 0x10000000 ADDR (.data_CCMRAM)
                0x08000408        0x4 LONG 0x10000000 (ADDR (.data_CCMRAM) + SIZEOF (.data_CCMRAM))
                0x0800040c                __data_regions_array_end = .
                0x0800040c                __bss_regions_array_start = .
                0x0800040c        0x4 LONG 0x20000078 ADDR (.bss)
                0x08000410        0x4 LONG 0x20000120 (ADDR (.bss) + SIZEOF (.bss))
                0x08000414        0x4 LONG 0x10000000 ADDR (.bss_CCMRAM)
                0x08000418        0x4 LONG 0x10000000 (ADDR (.bss_CCMRAM) + SIZEOF (.bss_CCMRAM))
                0x0800041c                __bss_regions_array_end = .
 *(.init)
 *(.fini)
                0x0800041c                . = ALIGN (0x4)
                0x0800041c                PROVIDE (__preinit_array_start = .)
 *(.preinit_array_sysinit .preinit_array_sysinit.*)
 *(.preinit_array_platform .preinit_array_platform.*)
 *(.preinit_array .preinit_array.*)
                0x0800041c                PROVIDE (__preinit_array_end = .)
                0x0800041c                . = ALIGN (0x4)
                0x0800041c                PROVIDE (__init_array_start = .)
 *(SORT_BY_NAME(.init_array.*))
 *(.init_array)
                0x0800041c                PROVIDE (__init_array_end = .)
                0x0800041c                . = ALIGN (0x4)
                0x0800041c                PROVIDE (__fini_array_start = .)
 *(SORT_BY_NAME(.fini_array.*))
 *(.fini_array)
                0x0800041c                PROVIDE (__fini_array_end = .)

.flashtext
 *(.flashtext .flashtext.*)

.text           0x08000420     0x1d41
 *(.text .text.*)
 .text._exit    0x08000420        0x2 ./system/src/newlib/exit.o
                0x08000420                _exit
 *fill*         0x08000422        0x2 
 .text._sbrk    0x08000424       0x44 ./system/src/newlib/sbrk.o
                0x08000424                _sbrk
 .text.__initialize_args
                0x08000468       0x10 ./system/src/newlib/syscalls.o
                0x08000468                __initialize_args
 .text._trace_write_semihosting_debug
                0x08000478       0x62 ./system/src/diag/trace-impl.o
 .text.trace_write
                0x080004da        0x8 ./system/src/diag/trace-impl.o
                0x080004da                trace_write
 *fill*         0x080004e2        0x2 
 .text.trace_printf
                0x080004e4       0x34 ./system/src/diag/trace.o
                0x080004e4                trace_printf
 .text.dumpExceptionStack
                0x08000518       0xf4 ./system/src/cortexm/exception-handlers.o
                0x08000518                dumpExceptionStack
 .text.isSemihosting
                0x0800060c       0x20 ./system/src/cortexm/exception-handlers.o
                0x0800060c                isSemihosting
 .text.__initialize_hardware_early
                0x0800062c       0x18 ./system/src/cortexm/initialize-hardware.o
                0x0800062c                __initialize_hardware_early
 .text.__initialize_hardware
                0x08000644        0x8 ./system/src/cortexm/initialize-hardware.o
                0x08000644                __initialize_hardware
 .text.SystemInit
                0x0800064c       0x10 ./system/src/cmsis/system_stm32f4xx.o
                0x0800064c                SystemInit
 .text.SystemCoreClockUpdate
                0x0800065c       0xa0 ./system/src/cmsis/system_stm32f4xx.o
                0x0800065c                SystemCoreClockUpdate
 .text.main     0x080006fc       0xf0 ./src/main.o
                0x080006fc                main
 *fill*         0x080007ec        0x4 
 .text.MUSART_voidInit
                0x080007f0      0x140 ./My_Include/03-MCAL/MUSART/MUSART_Program.o
                0x080007f0                MUSART_voidInit
 .text.MUSART_voidTransmit
                0x08000930       0x78 ./My_Include/03-MCAL/MUSART/MUSART_Program.o
                0x08000930                MUSART_voidTransmit
 .text.MUSART_voidReceive
                0x080009a8       0x50 ./My_Include/03-MCAL/MUSART/MUSART_Program.o
                0x080009a8                MUSART_voidReceive
 .text.MUSART_EnableUSART
                0x080009f8       0x40 ./My_Include/03-MCAL/MUSART/MUSART_Program.o
                0x080009f8                MUSART_EnableUSART
 .text.USART1_IRQHandler
                0x08000a38       0x10 ./My_Include/03-MCAL/MUSART/MUSART_Program.o
                0x08000a38                USART1_IRQHandler
 .text.MSTK_voidInit
                0x08000a48        0xe ./My_Include/03-MCAL/MSTK/MSTK_Program.o
                0x08000a48                MSTK_voidInit
 .text.MSTK_voidDelayms
                0x08000a56       0x38 ./My_Include/03-MCAL/MSTK/MSTK_Program.o
                0x08000a56                MSTK_voidDelayms
 *fill*         0x08000a8e        0x2 
 .text.SysTick_Handler
                0x08000a90       0x10 ./My_Include/03-MCAL/MSTK/MSTK_Program.o
                0x08000a90                SysTick_Handler
 .text.MRCC_voidInit
                0x08000aa0       0x28 ./My_Include/03-MCAL/MRCC/MRCC_Program.o
                0x08000aa0                MRCC_voidInit
 .text.MRCC_voidEnablePeripheral
                0x08000ac8       0x50 ./My_Include/03-MCAL/MRCC/MRCC_Program.o
                0x08000ac8                MRCC_voidEnablePeripheral
 .text.MGPIO_voidSetPinMode
                0x08000b18       0x94 ./My_Include/03-MCAL/MGPIO/MGPIO_Program.o
                0x08000b18                MGPIO_voidSetPinMode
 .text.MGPIO_voidSetPinOutputMode
                0x08000bac       0xd0 ./My_Include/03-MCAL/MGPIO/MGPIO_Program.o
                0x08000bac                MGPIO_voidSetPinOutputMode
 .text.MGPIO_voidSetPinValue
                0x08000c7c       0xa8 ./My_Include/03-MCAL/MGPIO/MGPIO_Program.o
                0x08000c7c                MGPIO_voidSetPinValue
 .text.MGPIO_voidConfigureAlterFun
                0x08000d24       0xa4 ./My_Include/03-MCAL/MGPIO/MGPIO_Program.o
                0x08000d24                MGPIO_voidConfigureAlterFun
 .text          0x08000dc8      0x378 e:/iti/02- tools/03- imt sdk/imt_sdk_win_64/imt_sdk_win_64/winarm/armgcc/bin/../lib/gcc/arm-none-eabi/10.3.1/thumb/v7e-m/nofp\libgcc.a(_arm_addsubdf3.o)
                0x08000dc8                __aeabi_drsub
                0x08000dd0                __aeabi_dsub
                0x08000dd0                __subdf3
                0x08000dd4                __aeabi_dadd
                0x08000dd4                __adddf3
                0x0800104c                __floatunsidf
                0x0800104c                __aeabi_ui2d
                0x0800106c                __floatsidf
                0x0800106c                __aeabi_i2d
                0x08001090                __aeabi_f2d
                0x08001090                __extendsfdf2
                0x080010d4                __floatundidf
                0x080010d4                __aeabi_ul2d
                0x080010e4                __floatdidf
                0x080010e4                __aeabi_l2d
 .text          0x08001140      0x424 e:/iti/02- tools/03- imt sdk/imt_sdk_win_64/imt_sdk_win_64/winarm/armgcc/bin/../lib/gcc/arm-none-eabi/10.3.1/thumb/v7e-m/nofp\libgcc.a(_arm_muldivdf3.o)
                0x08001140                __aeabi_dmul
                0x08001140                __muldf3
                0x08001394                __divdf3
                0x08001394                __aeabi_ddiv
 .text          0x08001564       0x40 e:/iti/02- tools/03- imt sdk/imt_sdk_win_64/imt_sdk_win_64/winarm/armgcc/bin/../lib/gcc/arm-none-eabi/10.3.1/thumb/v7e-m/nofp\libgcc.a(_arm_fixunsdfsi.o)
                0x08001564                __aeabi_d2uiz
                0x08001564                __fixunsdfsi
 .text.__errno  0x080015a4        0xc e:/iti/02- tools/03- imt sdk/imt_sdk_win_64/imt_sdk_win_64/winarm/armgcc/bin/../lib/gcc/arm-none-eabi/10.3.1/../../../../arm-none-eabi/lib/thumb/v7e-m/nofp\libg_nano.a(lib_a-errno.o)
                0x080015a4                __errno
 .text._vsnprintf_r
                0x080015b0       0x56 e:/iti/02- tools/03- imt sdk/imt_sdk_win_64/imt_sdk_win_64/winarm/armgcc/bin/../lib/gcc/arm-none-eabi/10.3.1/../../../../arm-none-eabi/lib/thumb/v7e-m/nofp\libg_nano.a(lib_a-vsnprintf.o)
                0x080015b0                _vsniprintf_r
                0x080015b0                _vsnprintf_r
 *fill*         0x08001606        0x2 
 .text.vsnprintf
                0x08001608       0x1c e:/iti/02- tools/03- imt sdk/imt_sdk_win_64/imt_sdk_win_64/winarm/armgcc/bin/../lib/gcc/arm-none-eabi/10.3.1/../../../../arm-none-eabi/lib/thumb/v7e-m/nofp\libg_nano.a(lib_a-vsnprintf.o)
                0x08001608                vsniprintf
                0x08001608                vsnprintf
 .text.__ssputs_r
                0x08001624       0xb6 e:/iti/02- tools/03- imt sdk/imt_sdk_win_64/imt_sdk_win_64/winarm/armgcc/bin/../lib/gcc/arm-none-eabi/10.3.1/../../../../arm-none-eabi/lib/thumb/v7e-m/nofp\libg_nano.a(lib_a-nano-svfprintf.o)
                0x08001624                __ssputs_r
 *fill*         0x080016da        0x2 
 .text._svfprintf_r
                0x080016dc      0x200 e:/iti/02- tools/03- imt sdk/imt_sdk_win_64/imt_sdk_win_64/winarm/armgcc/bin/../lib/gcc/arm-none-eabi/10.3.1/../../../../arm-none-eabi/lib/thumb/v7e-m/nofp\libg_nano.a(lib_a-nano-svfprintf.o)
                0x080016dc                _svfiprintf_r
                0x080016dc                _svfprintf_r
 .text._printf_common
                0x080018dc       0xda e:/iti/02- tools/03- imt sdk/imt_sdk_win_64/imt_sdk_win_64/winarm/armgcc/bin/../lib/gcc/arm-none-eabi/10.3.1/../../../../arm-none-eabi/lib/thumb/v7e-m/nofp\libg_nano.a(lib_a-nano-vfprintf_i.o)
                0x080018dc                _printf_common
 *fill*         0x080019b6        0x2 
 .text._printf_i
                0x080019b8      0x24c e:/iti/02- tools/03- imt sdk/imt_sdk_win_64/imt_sdk_win_64/winarm/armgcc/bin/../lib/gcc/arm-none-eabi/10.3.1/../../../../arm-none-eabi/lib/thumb/v7e-m/nofp\libg_nano.a(lib_a-nano-vfprintf_i.o)
                0x080019b8                _printf_i
 *fill*         0x08001c04        0xc 
 .text          0x08001c10       0xa0 e:/iti/02- tools/03- imt sdk/imt_sdk_win_64/imt_sdk_win_64/winarm/armgcc/bin/../lib/gcc/arm-none-eabi/10.3.1/../../../../arm-none-eabi/lib/thumb/v7e-m/nofp\libg_nano.a(lib_a-memchr.o)
                0x08001c10                memchr
 .text.memcpy   0x08001cb0       0x1c e:/iti/02- tools/03- imt sdk/imt_sdk_win_64/imt_sdk_win_64/winarm/armgcc/bin/../lib/gcc/arm-none-eabi/10.3.1/../../../../arm-none-eabi/lib/thumb/v7e-m/nofp\libg_nano.a(lib_a-memcpy-stub.o)
                0x08001cb0                memcpy
 .text.memmove  0x08001ccc       0x34 e:/iti/02- tools/03- imt sdk/imt_sdk_win_64/imt_sdk_win_64/winarm/armgcc/bin/../lib/gcc/arm-none-eabi/10.3.1/../../../../arm-none-eabi/lib/thumb/v7e-m/nofp\libg_nano.a(lib_a-memmove.o)
                0x08001ccc                memmove
 .text._free_r  0x08001d00       0x94 e:/iti/02- tools/03- imt sdk/imt_sdk_win_64/imt_sdk_win_64/winarm/armgcc/bin/../lib/gcc/arm-none-eabi/10.3.1/../../../../arm-none-eabi/lib/thumb/v7e-m/nofp\libg_nano.a(lib_a-nano-freer.o)
                0x08001d00                _free_r
 .text.sbrk_aligned
                0x08001d94       0x40 e:/iti/02- tools/03- imt sdk/imt_sdk_win_64/imt_sdk_win_64/winarm/armgcc/bin/../lib/gcc/arm-none-eabi/10.3.1/../../../../arm-none-eabi/lib/thumb/v7e-m/nofp\libg_nano.a(lib_a-nano-mallocr.o)
 .text._malloc_r
                0x08001dd4       0xe8 e:/iti/02- tools/03- imt sdk/imt_sdk_win_64/imt_sdk_win_64/winarm/armgcc/bin/../lib/gcc/arm-none-eabi/10.3.1/../../../../arm-none-eabi/lib/thumb/v7e-m/nofp\libg_nano.a(lib_a-nano-mallocr.o)
                0x08001dd4                _malloc_r
 .text._realloc_r
                0x08001ebc       0x5e e:/iti/02- tools/03- imt sdk/imt_sdk_win_64/imt_sdk_win_64/winarm/armgcc/bin/../lib/gcc/arm-none-eabi/10.3.1/../../../../arm-none-eabi/lib/thumb/v7e-m/nofp\libg_nano.a(lib_a-nano-reallocr.o)
                0x08001ebc                _realloc_r
 *fill*         0x08001f1a        0x2 
 .text._sbrk_r  0x08001f1c       0x20 e:/iti/02- tools/03- imt sdk/imt_sdk_win_64/imt_sdk_win_64/winarm/armgcc/bin/../lib/gcc/arm-none-eabi/10.3.1/../../../../arm-none-eabi/lib/thumb/v7e-m/nofp\libg_nano.a(lib_a-sbrkr.o)
                0x08001f1c                _sbrk_r
 .text.__malloc_lock
                0x08001f3c        0xc e:/iti/02- tools/03- imt sdk/imt_sdk_win_64/imt_sdk_win_64/winarm/armgcc/bin/../lib/gcc/arm-none-eabi/10.3.1/../../../../arm-none-eabi/lib/thumb/v7e-m/nofp\libg_nano.a(lib_a-mlock.o)
                0x08001f3c                __malloc_lock
 .text.__malloc_unlock
                0x08001f48        0xc e:/iti/02- tools/03- imt sdk/imt_sdk_win_64/imt_sdk_win_64/winarm/armgcc/bin/../lib/gcc/arm-none-eabi/10.3.1/../../../../arm-none-eabi/lib/thumb/v7e-m/nofp\libg_nano.a(lib_a-mlock.o)
                0x08001f48                __malloc_unlock
 .text._malloc_usable_size_r
                0x08001f54       0x10 e:/iti/02- tools/03- imt sdk/imt_sdk_win_64/imt_sdk_win_64/winarm/armgcc/bin/../lib/gcc/arm-none-eabi/10.3.1/../../../../arm-none-eabi/lib/thumb/v7e-m/nofp\libg_nano.a(lib_a-nano-msizer.o)
                0x08001f54                _malloc_usable_size_r
 .text.__retarget_lock_acquire_recursive
                0x08001f64        0x2 e:/iti/02- tools/03- imt sdk/imt_sdk_win_64/imt_sdk_win_64/winarm/armgcc/bin/../lib/gcc/arm-none-eabi/10.3.1/../../../../arm-none-eabi/lib/thumb/v7e-m/nofp\libg_nano.a(lib_a-lock.o)
                0x08001f64                __retarget_lock_acquire_recursive
 .text.__retarget_lock_release_recursive
                0x08001f66        0x2 e:/iti/02- tools/03- imt sdk/imt_sdk_win_64/imt_sdk_win_64/winarm/armgcc/bin/../lib/gcc/arm-none-eabi/10.3.1/../../../../arm-none-eabi/lib/thumb/v7e-m/nofp\libg_nano.a(lib_a-lock.o)
                0x08001f66                __retarget_lock_release_recursive
 *(.rodata .rodata.* .constdata .constdata.*)
 .rodata.dumpExceptionStack.str1.4
                0x08001f68      0x11a ./system/src/cortexm/exception-handlers.o
 *fill*         0x08002082        0x2 
 .rodata.str1.4
                0x08002084       0x2a ./system/src/cortexm/exception-handlers.o
 *fill*         0x080020ae        0x2 
 .rodata.AHBPrescTable
                0x080020b0       0x10 ./system/src/cmsis/system_stm32f4xx.o
                0x080020b0                AHBPrescTable
 .rodata.main.str1.4
                0x080020c0       0x6e ./src/main.o
 .rodata._svfprintf_r.str1.1
                0x0800212e       0x11 e:/iti/02- tools/03- imt sdk/imt_sdk_win_64/imt_sdk_win_64/winarm/armgcc/bin/../lib/gcc/arm-none-eabi/10.3.1/../../../../arm-none-eabi/lib/thumb/v7e-m/nofp\libg_nano.a(lib_a-nano-svfprintf.o)
 .rodata._printf_i.str1.1
                0x0800213f       0x22 e:/iti/02- tools/03- imt sdk/imt_sdk_win_64/imt_sdk_win_64/winarm/armgcc/bin/../lib/gcc/arm-none-eabi/10.3.1/../../../../arm-none-eabi/lib/thumb/v7e-m/nofp\libg_nano.a(lib_a-nano-vfprintf_i.o)
 *(vtable)
 *(.eh_frame*)
 *(.glue_7)
 .glue_7        0x08002161        0x0 linker stubs
 *(.glue_7t)
 .glue_7t       0x08002161        0x0 linker stubs

.vfp11_veneer   0x08002164        0x0
 .vfp11_veneer  0x08002164        0x0 linker stubs

.v4_bx          0x08002164        0x0
 .v4_bx         0x08002164        0x0 linker stubs

.iplt           0x08002164        0x0
 .iplt          0x08002164        0x0 ./system/src/newlib/sbrk.o

.rel.dyn        0x08002164        0x0
 .rel.iplt      0x08002164        0x0 ./system/src/newlib/sbrk.o

.ARM.extab
 *(.ARM.extab* .gnu.linkonce.armextab.*)
                0x08002164                . = ALIGN (0x4)
                0x08002164                __exidx_start = .

.ARM.exidx
 *(.ARM.exidx* .gnu.linkonce.armexidx.*)
                0x08002164                __exidx_end = .
                0x08002164                . = ALIGN (0x4)
                0x08002164                _etext = .
                0x08002164                __etext = .

.data_CCMRAM    0x10000000        0x0 load address 0x08002164
 FILL mask 0xff
 *(.data.CCMRAM .data.CCMRAM.*)
                0x10000000                . = ALIGN (0x4)
                0x08002164                _sidata = LOADADDR (.data)

.data           0x20000000       0x78 load address 0x08002164
 FILL mask 0xff
                0x20000000                _sdata = .
                0x20000000                __data_start__ = .
 *(.data_begin .data_begin.*)
 .data_begin    0x20000000        0x4 ./system/src/newlib/startup.o
 *(.data .data.*)
 .data.argv.1   0x20000004        0x8 ./system/src/newlib/syscalls.o
 .data.SystemCoreClock
                0x2000000c        0x4 ./system/src/cmsis/system_stm32f4xx.o
                0x2000000c                SystemCoreClock
 .data._impure_ptr
                0x20000010        0x4 e:/iti/02- tools/03- imt sdk/imt_sdk_win_64/imt_sdk_win_64/winarm/armgcc/bin/../lib/gcc/arm-none-eabi/10.3.1/../../../../arm-none-eabi/lib/thumb/v7e-m/nofp\libg_nano.a(lib_a-impure.o)
                0x20000010                _impure_ptr
 .data.impure_data
                0x20000014       0x60 e:/iti/02- tools/03- imt sdk/imt_sdk_win_64/imt_sdk_win_64/winarm/armgcc/bin/../lib/gcc/arm-none-eabi/10.3.1/../../../../arm-none-eabi/lib/thumb/v7e-m/nofp\libg_nano.a(lib_a-impure.o)
 *(.data_end .data_end.*)
 .data_end      0x20000074        0x4 ./system/src/newlib/startup.o
                0x20000078                . = ALIGN (0x4)
                0x20000078                _edata = .
                0x20000078                __data_end__ = .

.igot.plt       0x20000078        0x0 load address 0x080021dc
 .igot.plt      0x20000078        0x0 ./system/src/newlib/sbrk.o

.bss_CCMRAM     0x10000000        0x0
 *(.bss.CCMRAM .bss.CCMRAM.*)

.bss            0x20000078       0xa8
                0x20000078                __bss_start__ = .
                0x20000078                _sbss = .
 *(.bss_begin .bss_begin.*)
 .bss_begin     0x20000078        0x4 ./system/src/newlib/startup.o
 *(.bss .bss.*)
 .bss.current_heap_end.0
                0x2000007c        0x4 ./system/src/newlib/sbrk.o
 .bss.errno     0x20000080        0x4 ./system/src/newlib/syscalls.o
                0x20000080                errno
 .bss.name.0    0x20000084        0x1 ./system/src/newlib/syscalls.o
 *fill*         0x20000085        0x3 
 .bss.buf.0     0x20000088       0x80 ./system/src/diag/trace.o
 .bss.MSUART_CallBack
                0x20000108        0x4 ./My_Include/03-MCAL/MUSART/MUSART_Program.o
 .bss.Globle_voidPointerTofunction
                0x2000010c        0x4 ./My_Include/03-MCAL/MSTK/MSTK_Program.o
                0x2000010c                Globle_voidPointerTofunction
 .bss.__malloc_free_list
                0x20000110        0x4 e:/iti/02- tools/03- imt sdk/imt_sdk_win_64/imt_sdk_win_64/winarm/armgcc/bin/../lib/gcc/arm-none-eabi/10.3.1/../../../../arm-none-eabi/lib/thumb/v7e-m/nofp\libg_nano.a(lib_a-nano-mallocr.o)
                0x20000110                __malloc_free_list
 .bss.__malloc_sbrk_start
                0x20000114        0x4 e:/iti/02- tools/03- imt sdk/imt_sdk_win_64/imt_sdk_win_64/winarm/armgcc/bin/../lib/gcc/arm-none-eabi/10.3.1/../../../../arm-none-eabi/lib/thumb/v7e-m/nofp\libg_nano.a(lib_a-nano-mallocr.o)
                0x20000114                __malloc_sbrk_start
 .bss.__lock___malloc_recursive_mutex
                0x20000118        0x1 e:/iti/02- tools/03- imt sdk/imt_sdk_win_64/imt_sdk_win_64/winarm/armgcc/bin/../lib/gcc/arm-none-eabi/10.3.1/../../../../arm-none-eabi/lib/thumb/v7e-m/nofp\libg_nano.a(lib_a-lock.o)
                0x20000118                __lock___malloc_recursive_mutex
 *(COMMON)
 *(.bss_end .bss_end.*)
 *fill*         0x20000119        0x3 
 .bss_end       0x2000011c        0x4 ./system/src/newlib/startup.o
                0x20000120                . = ALIGN (0x4)
                0x20000120                __bss_end__ = .
                0x20000120                _ebss = .

.noinit_CCMRAM
 *(.noinit.CCMRAM .noinit.CCMRAM.*)

.noinit         0x20000120        0x0
                0x20000120                _noinit = .
 *(.noinit .noinit.*)
                0x20000120                . = ALIGN (0x4)
                0x20000120                _end_noinit = .
                [!provide]                PROVIDE (end = _end_noinit)
                [!provide]                PROVIDE (_end = _end_noinit)
                [!provide]                PROVIDE (__end = _end_noinit)
                [!provide]                PROVIDE (__end__ = _end_noinit)

._check_stack   0x20000120      0x100
                0x20000220                . = (. + _Minimum_Stack_Size)
 *fill*         0x20000120      0x100 

.b1text
 *(.b1text)
 *(.b1rodata)
 *(.b1rodata.*)

.eb0text
 *(.eb0text)
 *(.eb0rodata)
 *(.eb0rodata.*)

.eb1text
 *(.eb1text)
 *(.eb1rodata)
 *(.eb1rodata.*)

.eb2text
 *(.eb2text)
 *(.eb2rodata)
 *(.eb2rodata.*)

.eb3text
 *(.eb3text)
 *(.eb3rodata)
 *(.eb3rodata.*)

.stab
 *(.stab)

.stabstr
 *(.stabstr)

.stab.excl
 *(.stab.excl)

.stab.exclstr
 *(.stab.exclstr)

.stab.index
 *(.stab.index)

.stab.indexstr
 *(.stab.indexstr)

.comment        0x00000000       0x49
 *(.comment)
 .comment       0x00000000       0x49 ./system/src/newlib/exit.o
                                 0x4a (size before relaxing)
 .comment       0x00000049       0x4a ./system/src/newlib/sbrk.o
 .comment       0x00000049       0x4a ./system/src/newlib/startup.o
 .comment       0x00000049       0x4a ./system/src/newlib/syscalls.o
 .comment       0x00000049       0x4a ./system/src/diag/trace-impl.o
 .comment       0x00000049       0x4a ./system/src/diag/trace.o
 .comment       0x00000049       0x4a ./system/src/cortexm/exception-handlers.o
 .comment       0x00000049       0x4a ./system/src/cortexm/initialize-hardware.o
 .comment       0x00000049       0x4a ./system/src/cmsis/system_stm32f4xx.o
 .comment       0x00000049       0x4a ./system/src/cmsis/vectors_stm32f401xc.o
 .comment       0x00000049       0x4a ./src/main.o
 .comment       0x00000049       0x4a ./My_Include/03-MCAL/MUSART/MUSART_Program.o
 .comment       0x00000049       0x4a ./My_Include/03-MCAL/MSTK/MSTK_Program.o
 .comment       0x00000049       0x4a ./My_Include/03-MCAL/MRCC/MRCC_Program.o
 .comment       0x00000049       0x4a ./My_Include/03-MCAL/MGPIO/MGPIO_Program.o

.ARM.attributes
                0x00000000       0x2c
 .ARM.attributes
                0x00000000       0x2e ./system/src/newlib/exit.o
 .ARM.attributes
                0x0000002e       0x2e ./system/src/newlib/sbrk.o
 .ARM.attributes
                0x0000005c       0x2e ./system/src/newlib/startup.o
 .ARM.attributes
                0x0000008a       0x2e ./system/src/newlib/syscalls.o
 .ARM.attributes
                0x000000b8       0x2e ./system/src/diag/trace-impl.o
 .ARM.attributes
                0x000000e6       0x2e ./system/src/diag/trace.o
 .ARM.attributes
                0x00000114       0x2e ./system/src/cortexm/exception-handlers.o
 .ARM.attributes
                0x00000142       0x2e ./system/src/cortexm/initialize-hardware.o
 .ARM.attributes
                0x00000170       0x2e ./system/src/cmsis/system_stm32f4xx.o
 .ARM.attributes
                0x0000019e       0x2e ./system/src/cmsis/vectors_stm32f401xc.o
 .ARM.attributes
                0x000001cc       0x2e ./src/main.o
 .ARM.attributes
                0x000001fa       0x2e ./My_Include/03-MCAL/MUSART/MUSART_Program.o
 .ARM.attributes
                0x00000228       0x2e ./My_Include/03-MCAL/MSTK/MSTK_Program.o
 .ARM.attributes
                0x00000256       0x2e ./My_Include/03-MCAL/MRCC/MRCC_Program.o
 .ARM.attributes
                0x00000284       0x2e ./My_Include/03-MCAL/MGPIO/MGPIO_Program.o
 .ARM.attributes
                0x000002b2       0x1e e:/iti/02- tools/03- imt sdk/imt_sdk_win_64/imt_sdk_win_64/winarm/armgcc/bin/../lib/gcc/arm-none-eabi/10.3.1/thumb/v7e-m/nofp\libgcc.a(_arm_addsubdf3.o)
 .ARM.attributes
                0x000002d0       0x1e e:/iti/02- tools/03- imt sdk/imt_sdk_win_64/imt_sdk_win_64/winarm/armgcc/bin/../lib/gcc/arm-none-eabi/10.3.1/thumb/v7e-m/nofp\libgcc.a(_arm_muldivdf3.o)
 .ARM.attributes
                0x000002ee       0x1e e:/iti/02- tools/03- imt sdk/imt_sdk_win_64/imt_sdk_win_64/winarm/armgcc/bin/../lib/gcc/arm-none-eabi/10.3.1/thumb/v7e-m/nofp\libgcc.a(_arm_fixunsdfsi.o)
 .ARM.attributes
                0x0000030c       0x2e e:/iti/02- tools/03- imt sdk/imt_sdk_win_64/imt_sdk_win_64/winarm/armgcc/bin/../lib/gcc/arm-none-eabi/10.3.1/../../../../arm-none-eabi/lib/thumb/v7e-m/nofp\libg_nano.a(lib_a-errno.o)
 .ARM.attributes
                0x0000033a       0x2e e:/iti/02- tools/03- imt sdk/imt_sdk_win_64/imt_sdk_win_64/winarm/armgcc/bin/../lib/gcc/arm-none-eabi/10.3.1/../../../../arm-none-eabi/lib/thumb/v7e-m/nofp\libg_nano.a(lib_a-impure.o)
 .ARM.attributes
                0x00000368       0x2e e:/iti/02- tools/03- imt sdk/imt_sdk_win_64/imt_sdk_win_64/winarm/armgcc/bin/../lib/gcc/arm-none-eabi/10.3.1/../../../../arm-none-eabi/lib/thumb/v7e-m/nofp\libg_nano.a(lib_a-vsnprintf.o)
 .ARM.attributes
                0x00000396       0x2e e:/iti/02- tools/03- imt sdk/imt_sdk_win_64/imt_sdk_win_64/winarm/armgcc/bin/../lib/gcc/arm-none-eabi/10.3.1/../../../../arm-none-eabi/lib/thumb/v7e-m/nofp\libg_nano.a(lib_a-nano-svfprintf.o)
 .ARM.attributes
                0x000003c4       0x2e e:/iti/02- tools/03- imt sdk/imt_sdk_win_64/imt_sdk_win_64/winarm/armgcc/bin/../lib/gcc/arm-none-eabi/10.3.1/../../../../arm-none-eabi/lib/thumb/v7e-m/nofp\libg_nano.a(lib_a-nano-vfprintf_i.o)
 .ARM.attributes
                0x000003f2       0x1c e:/iti/02- tools/03- imt sdk/imt_sdk_win_64/imt_sdk_win_64/winarm/armgcc/bin/../lib/gcc/arm-none-eabi/10.3.1/../../../../arm-none-eabi/lib/thumb/v7e-m/nofp\libg_nano.a(lib_a-memchr.o)
 .ARM.attributes
                0x0000040e       0x2e e:/iti/02- tools/03- imt sdk/imt_sdk_win_64/imt_sdk_win_64/winarm/armgcc/bin/../lib/gcc/arm-none-eabi/10.3.1/../../../../arm-none-eabi/lib/thumb/v7e-m/nofp\libg_nano.a(lib_a-memcpy-stub.o)
 .ARM.attributes
                0x0000043c       0x2e e:/iti/02- tools/03- imt sdk/imt_sdk_win_64/imt_sdk_win_64/winarm/armgcc/bin/../lib/gcc/arm-none-eabi/10.3.1/../../../../arm-none-eabi/lib/thumb/v7e-m/nofp\libg_nano.a(lib_a-memmove.o)
 .ARM.attributes
                0x0000046a       0x2e e:/iti/02- tools/03- imt sdk/imt_sdk_win_64/imt_sdk_win_64/winarm/armgcc/bin/../lib/gcc/arm-none-eabi/10.3.1/../../../../arm-none-eabi/lib/thumb/v7e-m/nofp\libg_nano.a(lib_a-nano-freer.o)
 .ARM.attributes
                0x00000498       0x2e e:/iti/02- tools/03- imt sdk/imt_sdk_win_64/imt_sdk_win_64/winarm/armgcc/bin/../lib/gcc/arm-none-eabi/10.3.1/../../../../arm-none-eabi/lib/thumb/v7e-m/nofp\libg_nano.a(lib_a-nano-mallocr.o)
 .ARM.attributes
                0x000004c6       0x2e e:/iti/02- tools/03- imt sdk/imt_sdk_win_64/imt_sdk_win_64/winarm/armgcc/bin/../lib/gcc/arm-none-eabi/10.3.1/../../../../arm-none-eabi/lib/thumb/v7e-m/nofp\libg_nano.a(lib_a-nano-reallocr.o)
 .ARM.attributes
                0x000004f4       0x2e e:/iti/02- tools/03- imt sdk/imt_sdk_win_64/imt_sdk_win_64/winarm/armgcc/bin/../lib/gcc/arm-none-eabi/10.3.1/../../../../arm-none-eabi/lib/thumb/v7e-m/nofp\libg_nano.a(lib_a-sbrkr.o)
 .ARM.attributes
                0x00000522       0x2e e:/iti/02- tools/03- imt sdk/imt_sdk_win_64/imt_sdk_win_64/winarm/armgcc/bin/../lib/gcc/arm-none-eabi/10.3.1/../../../../arm-none-eabi/lib/thumb/v7e-m/nofp\libg_nano.a(lib_a-mlock.o)
 .ARM.attributes
                0x00000550       0x2e e:/iti/02- tools/03- imt sdk/imt_sdk_win_64/imt_sdk_win_64/winarm/armgcc/bin/../lib/gcc/arm-none-eabi/10.3.1/../../../../arm-none-eabi/lib/thumb/v7e-m/nofp\libg_nano.a(lib_a-nano-msizer.o)
 .ARM.attributes
                0x0000057e       0x2e e:/iti/02- tools/03- imt sdk/imt_sdk_win_64/imt_sdk_win_64/winarm/armgcc/bin/../lib/gcc/arm-none-eabi/10.3.1/../../../../arm-none-eabi/lib/thumb/v7e-m/nofp\libg_nano.a(lib_a-lock.o)

.debug
 *(.debug)

.line
 *(.line)

.debug_srcinfo
 *(.debug_srcinfo)

.debug_sfnames
 *(.debug_sfnames)

.debug_aranges  0x00000000      0x3b8
 *(.debug_aranges)
 .debug_aranges
                0x00000000       0x28 ./system/src/newlib/exit.o
 .debug_aranges
                0x00000028       0x20 ./system/src/newlib/sbrk.o
 .debug_aranges
                0x00000048       0x40 ./system/src/newlib/startup.o
 .debug_aranges
                0x00000088       0x30 ./system/src/newlib/syscalls.o
 .debug_aranges
                0x000000b8       0x30 ./system/src/diag/trace-impl.o
 .debug_aranges
                0x000000e8       0x38 ./system/src/diag/trace.o
 .debug_aranges
                0x00000120       0x90 ./system/src/cortexm/exception-handlers.o
 .debug_aranges
                0x000001b0       0x28 ./system/src/cortexm/initialize-hardware.o
 .debug_aranges
                0x000001d8       0x28 ./system/src/cmsis/system_stm32f4xx.o
 .debug_aranges
                0x00000200       0x20 ./system/src/cmsis/vectors_stm32f401xc.o
 .debug_aranges
                0x00000220       0x20 ./src/main.o
 .debug_aranges
                0x00000240       0x50 ./My_Include/03-MCAL/MUSART/MUSART_Program.o
 .debug_aranges
                0x00000290       0x88 ./My_Include/03-MCAL/MSTK/MSTK_Program.o
 .debug_aranges
                0x00000318       0x48 ./My_Include/03-MCAL/MRCC/MRCC_Program.o
 .debug_aranges
                0x00000360       0x58 ./My_Include/03-MCAL/MGPIO/MGPIO_Program.o

.debug_pubnames
 *(.debug_pubnames)

.debug_info     0x00000000     0x3531
 *(.debug_info .gnu.linkonce.wi.*)
 .debug_info    0x00000000       0xf2 ./system/src/newlib/exit.o
 .debug_info    0x000000f2      0x112 ./system/src/newlib/sbrk.o
 .debug_info    0x00000204      0x573 ./system/src/newlib/startup.o
 .debug_info    0x00000777      0x1d5 ./system/src/newlib/syscalls.o
 .debug_info    0x0000094c      0x320 ./system/src/diag/trace-impl.o
 .debug_info    0x00000c6c      0x30b ./system/src/diag/trace.o
 .debug_info    0x00000f77      0x983 ./system/src/cortexm/exception-handlers.o
 .debug_info    0x000018fa      0x2b3 ./system/src/cortexm/initialize-hardware.o
 .debug_info    0x00001bad      0x550 ./system/src/cmsis/system_stm32f4xx.o
 .debug_info    0x000020fd       0xce ./system/src/cmsis/vectors_stm32f401xc.o
 .debug_info    0x000021cb      0x383 ./src/main.o
 .debug_info    0x0000254e      0x60e ./My_Include/03-MCAL/MUSART/MUSART_Program.o
 .debug_info    0x00002b5c      0x2d2 ./My_Include/03-MCAL/MSTK/MSTK_Program.o
 .debug_info    0x00002e2e      0x368 ./My_Include/03-MCAL/MRCC/MRCC_Program.o
 .debug_info    0x00003196      0x39b ./My_Include/03-MCAL/MGPIO/MGPIO_Program.o

.debug_abbrev   0x00000000     0x1237
 *(.debug_abbrev)
 .debug_abbrev  0x00000000       0x97 ./system/src/newlib/exit.o
 .debug_abbrev  0x00000097       0xcd ./system/src/newlib/sbrk.o
 .debug_abbrev  0x00000164      0x1fa ./system/src/newlib/startup.o
 .debug_abbrev  0x0000035e      0x10e ./system/src/newlib/syscalls.o
 .debug_abbrev  0x0000046c      0x1eb ./system/src/diag/trace-impl.o
 .debug_abbrev  0x00000657      0x173 ./system/src/diag/trace.o
 .debug_abbrev  0x000007ca      0x267 ./system/src/cortexm/exception-handlers.o
 .debug_abbrev  0x00000a31       0xe9 ./system/src/cortexm/initialize-hardware.o
 .debug_abbrev  0x00000b1a      0x11c ./system/src/cmsis/system_stm32f4xx.o
 .debug_abbrev  0x00000c36       0xa5 ./system/src/cmsis/vectors_stm32f401xc.o
 .debug_abbrev  0x00000cdb       0xab ./src/main.o
 .debug_abbrev  0x00000d86      0x193 ./My_Include/03-MCAL/MUSART/MUSART_Program.o
 .debug_abbrev  0x00000f19      0x126 ./My_Include/03-MCAL/MSTK/MSTK_Program.o
 .debug_abbrev  0x0000103f       0xd7 ./My_Include/03-MCAL/MRCC/MRCC_Program.o
 .debug_abbrev  0x00001116      0x121 ./My_Include/03-MCAL/MGPIO/MGPIO_Program.o

.debug_line     0x00000000     0x5384
 *(.debug_line)
 .debug_line    0x00000000      0x3b5 ./system/src/newlib/exit.o
 .debug_line    0x000003b5      0x39f ./system/src/newlib/sbrk.o
 .debug_line    0x00000754      0x68b ./system/src/newlib/startup.o
 .debug_line    0x00000ddf      0x4c2 ./system/src/newlib/syscalls.o
 .debug_line    0x000012a1      0xb9f ./system/src/diag/trace-impl.o
 .debug_line    0x00001e40      0x492 ./system/src/diag/trace.o
 .debug_line    0x000022d2      0xdd3 ./system/src/cortexm/exception-handlers.o
 .debug_line    0x000030a5      0x848 ./system/src/cortexm/initialize-hardware.o
 .debug_line    0x000038ed      0x8da ./system/src/cmsis/system_stm32f4xx.o
 .debug_line    0x000041c7      0x12c ./system/src/cmsis/vectors_stm32f401xc.o
 .debug_line    0x000042f3      0x1e1 ./src/main.o
 .debug_line    0x000044d4      0x3ee ./My_Include/03-MCAL/MUSART/MUSART_Program.o
 .debug_line    0x000048c2      0x2cd ./My_Include/03-MCAL/MSTK/MSTK_Program.o
 .debug_line    0x00004b8f      0x1de ./My_Include/03-MCAL/MRCC/MRCC_Program.o
 .debug_line    0x00004d6d      0x617 ./My_Include/03-MCAL/MGPIO/MGPIO_Program.o

.debug_frame    0x00000000      0xbbc
 *(.debug_frame)
 .debug_frame   0x00000000       0x38 ./system/src/newlib/exit.o
 .debug_frame   0x00000038       0x28 ./system/src/newlib/sbrk.o
 .debug_frame   0x00000060       0x7c ./system/src/newlib/startup.o
 .debug_frame   0x000000dc       0x50 ./system/src/newlib/syscalls.o
 .debug_frame   0x0000012c       0x64 ./system/src/diag/trace-impl.o
 .debug_frame   0x00000190       0x94 ./system/src/diag/trace.o
 .debug_frame   0x00000224      0x158 ./system/src/cortexm/exception-handlers.o
 .debug_frame   0x0000037c       0x40 ./system/src/cortexm/initialize-hardware.o
 .debug_frame   0x000003bc       0x30 ./system/src/cmsis/system_stm32f4xx.o
 .debug_frame   0x000003ec       0x20 ./system/src/cmsis/vectors_stm32f401xc.o
 .debug_frame   0x0000040c       0x28 ./src/main.o
 .debug_frame   0x00000434       0xa0 ./My_Include/03-MCAL/MUSART/MUSART_Program.o
 .debug_frame   0x000004d4       0xf8 ./My_Include/03-MCAL/MSTK/MSTK_Program.o
 .debug_frame   0x000005cc       0x70 ./My_Include/03-MCAL/MRCC/MRCC_Program.o
 .debug_frame   0x0000063c       0xc8 ./My_Include/03-MCAL/MGPIO/MGPIO_Program.o
 .debug_frame   0x00000704       0xac e:/iti/02- tools/03- imt sdk/imt_sdk_win_64/imt_sdk_win_64/winarm/armgcc/bin/../lib/gcc/arm-none-eabi/10.3.1/thumb/v7e-m/nofp\libgcc.a(_arm_addsubdf3.o)
 .debug_frame   0x000007b0       0x50 e:/iti/02- tools/03- imt sdk/imt_sdk_win_64/imt_sdk_win_64/winarm/armgcc/bin/../lib/gcc/arm-none-eabi/10.3.1/thumb/v7e-m/nofp\libgcc.a(_arm_muldivdf3.o)
 .debug_frame   0x00000800       0x24 e:/iti/02- tools/03- imt sdk/imt_sdk_win_64/imt_sdk_win_64/winarm/armgcc/bin/../lib/gcc/arm-none-eabi/10.3.1/thumb/v7e-m/nofp\libgcc.a(_arm_fixunsdfsi.o)
 .debug_frame   0x00000824       0x20 e:/iti/02- tools/03- imt sdk/imt_sdk_win_64/imt_sdk_win_64/winarm/armgcc/bin/../lib/gcc/arm-none-eabi/10.3.1/../../../../arm-none-eabi/lib/thumb/v7e-m/nofp\libg_nano.a(lib_a-errno.o)
 .debug_frame   0x00000844       0x4c e:/iti/02- tools/03- imt sdk/imt_sdk_win_64/imt_sdk_win_64/winarm/armgcc/bin/../lib/gcc/arm-none-eabi/10.3.1/../../../../arm-none-eabi/lib/thumb/v7e-m/nofp\libg_nano.a(lib_a-vsnprintf.o)
 .debug_frame   0x00000890       0x90 e:/iti/02- tools/03- imt sdk/imt_sdk_win_64/imt_sdk_win_64/winarm/armgcc/bin/../lib/gcc/arm-none-eabi/10.3.1/../../../../arm-none-eabi/lib/thumb/v7e-m/nofp\libg_nano.a(lib_a-nano-svfprintf.o)
 .debug_frame   0x00000920       0x60 e:/iti/02- tools/03- imt sdk/imt_sdk_win_64/imt_sdk_win_64/winarm/armgcc/bin/../lib/gcc/arm-none-eabi/10.3.1/../../../../arm-none-eabi/lib/thumb/v7e-m/nofp\libg_nano.a(lib_a-nano-vfprintf_i.o)
 .debug_frame   0x00000980       0x28 e:/iti/02- tools/03- imt sdk/imt_sdk_win_64/imt_sdk_win_64/winarm/armgcc/bin/../lib/gcc/arm-none-eabi/10.3.1/../../../../arm-none-eabi/lib/thumb/v7e-m/nofp\libg_nano.a(lib_a-memcpy-stub.o)
 .debug_frame   0x000009a8       0x28 e:/iti/02- tools/03- imt sdk/imt_sdk_win_64/imt_sdk_win_64/winarm/armgcc/bin/../lib/gcc/arm-none-eabi/10.3.1/../../../../arm-none-eabi/lib/thumb/v7e-m/nofp\libg_nano.a(lib_a-memmove.o)
 .debug_frame   0x000009d0       0x38 e:/iti/02- tools/03- imt sdk/imt_sdk_win_64/imt_sdk_win_64/winarm/armgcc/bin/../lib/gcc/arm-none-eabi/10.3.1/../../../../arm-none-eabi/lib/thumb/v7e-m/nofp\libg_nano.a(lib_a-nano-freer.o)
 .debug_frame   0x00000a08       0x4c e:/iti/02- tools/03- imt sdk/imt_sdk_win_64/imt_sdk_win_64/winarm/armgcc/bin/../lib/gcc/arm-none-eabi/10.3.1/../../../../arm-none-eabi/lib/thumb/v7e-m/nofp\libg_nano.a(lib_a-nano-mallocr.o)
 .debug_frame   0x00000a54       0x3c e:/iti/02- tools/03- imt sdk/imt_sdk_win_64/imt_sdk_win_64/winarm/armgcc/bin/../lib/gcc/arm-none-eabi/10.3.1/../../../../arm-none-eabi/lib/thumb/v7e-m/nofp\libg_nano.a(lib_a-nano-reallocr.o)
 .debug_frame   0x00000a90       0x2c e:/iti/02- tools/03- imt sdk/imt_sdk_win_64/imt_sdk_win_64/winarm/armgcc/bin/../lib/gcc/arm-none-eabi/10.3.1/../../../../arm-none-eabi/lib/thumb/v7e-m/nofp\libg_nano.a(lib_a-sbrkr.o)
 .debug_frame   0x00000abc       0x30 e:/iti/02- tools/03- imt sdk/imt_sdk_win_64/imt_sdk_win_64/winarm/armgcc/bin/../lib/gcc/arm-none-eabi/10.3.1/../../../../arm-none-eabi/lib/thumb/v7e-m/nofp\libg_nano.a(lib_a-mlock.o)
 .debug_frame   0x00000aec       0x20 e:/iti/02- tools/03- imt sdk/imt_sdk_win_64/imt_sdk_win_64/winarm/armgcc/bin/../lib/gcc/arm-none-eabi/10.3.1/../../../../arm-none-eabi/lib/thumb/v7e-m/nofp\libg_nano.a(lib_a-nano-msizer.o)
 .debug_frame   0x00000b0c       0xb0 e:/iti/02- tools/03- imt sdk/imt_sdk_win_64/imt_sdk_win_64/winarm/armgcc/bin/../lib/gcc/arm-none-eabi/10.3.1/../../../../arm-none-eabi/lib/thumb/v7e-m/nofp\libg_nano.a(lib_a-lock.o)

.debug_str      0x00000000    0xa8f93
 *(.debug_str)
 .debug_str     0x00000000     0x7647 ./system/src/newlib/exit.o
                               0x77ad (size before relaxing)
 .debug_str     0x00007647      0x4dd ./system/src/newlib/sbrk.o
                               0x6b8e (size before relaxing)
 .debug_str     0x00007b24      0xc28 ./system/src/newlib/startup.o
                               0x63fa (size before relaxing)
 .debug_str     0x0000874c     0x1504 ./system/src/newlib/syscalls.o
                               0x80db (size before relaxing)
 .debug_str     0x00009c50    0x9c625 ./system/src/diag/trace-impl.o
                              0xa37af (size before relaxing)
 .debug_str     0x000a6275      0x81a ./system/src/diag/trace.o
                               0x7f34 (size before relaxing)
 .debug_str     0x000a6a8f      0x20c ./system/src/cortexm/exception-handlers.o
                              0xa492d (size before relaxing)
 .debug_str     0x000a6c9b       0x5d ./system/src/cortexm/initialize-hardware.o
                              0x9ff37 (size before relaxing)
 .debug_str     0x000a6cf8      0x182 ./system/src/cmsis/system_stm32f4xx.o
                              0xa0037 (size before relaxing)
 .debug_str     0x000a6e7a       0x59 ./system/src/cmsis/vectors_stm32f401xc.o
                               0x384e (size before relaxing)
 .debug_str     0x000a6ed3      0x960 ./src/main.o
                               0x36b4 (size before relaxing)
 .debug_str     0x000a7833      0xe49 ./My_Include/03-MCAL/MUSART/MUSART_Program.o
                               0x3dbb (size before relaxing)
 .debug_str     0x000a867c      0x2bc ./My_Include/03-MCAL/MSTK/MSTK_Program.o
                               0x31a7 (size before relaxing)
 .debug_str     0x000a8938      0x2e2 ./My_Include/03-MCAL/MRCC/MRCC_Program.o
                               0x35ef (size before relaxing)
 .debug_str     0x000a8c1a      0x379 ./My_Include/03-MCAL/MGPIO/MGPIO_Program.o
                               0x350b (size before relaxing)

.debug_loc      0x00000000     0x1899
 *(.debug_loc)
 .debug_loc     0x00000000       0x15 ./system/src/newlib/exit.o
 .debug_loc     0x00000015       0x97 ./system/src/newlib/sbrk.o
 .debug_loc     0x000000ac      0x49b ./system/src/newlib/startup.o
 .debug_loc     0x00000547       0x6f ./system/src/newlib/syscalls.o
 .debug_loc     0x000005b6      0x1a3 ./system/src/diag/trace-impl.o
 .debug_loc     0x00000759      0x118 ./system/src/diag/trace.o
 .debug_loc     0x00000871      0x35c ./system/src/cortexm/exception-handlers.o
 .debug_loc     0x00000bcd      0x158 ./system/src/cmsis/system_stm32f4xx.o
 .debug_loc     0x00000d25      0x12d ./My_Include/03-MCAL/MUSART/MUSART_Program.o
 .debug_loc     0x00000e52       0xf9 ./My_Include/03-MCAL/MSTK/MSTK_Program.o
 .debug_loc     0x00000f4b      0x1f0 ./My_Include/03-MCAL/MRCC/MRCC_Program.o
 .debug_loc     0x0000113b      0x75e ./My_Include/03-MCAL/MGPIO/MGPIO_Program.o

.debug_macinfo
 *(.debug_macinfo)

.debug_weaknames
 *(.debug_weaknames)

.debug_funcnames
 *(.debug_funcnames)

.debug_typenames
 *(.debug_typenames)

.debug_varnames
 *(.debug_varnames)
OUTPUT(TTL.elf elf32-littlearm)
LOAD linker stubs

.debug_ranges   0x00000000      0x340
 .debug_ranges  0x00000000       0x18 ./system/src/newlib/exit.o
 .debug_ranges  0x00000018       0x10 ./system/src/newlib/sbrk.o
 .debug_ranges  0x00000028       0x78 ./system/src/newlib/startup.o
 .debug_ranges  0x000000a0       0x20 ./system/src/newlib/syscalls.o
 .debug_ranges  0x000000c0       0x38 ./system/src/diag/trace-impl.o
 .debug_ranges  0x000000f8       0x28 ./system/src/diag/trace.o
 .debug_ranges  0x00000120       0x98 ./system/src/cortexm/exception-handlers.o
 .debug_ranges  0x000001b8       0x18 ./system/src/cortexm/initialize-hardware.o
 .debug_ranges  0x000001d0       0x18 ./system/src/cmsis/system_stm32f4xx.o
 .debug_ranges  0x000001e8       0x10 ./system/src/cmsis/vectors_stm32f401xc.o
 .debug_ranges  0x000001f8       0x10 ./src/main.o
 .debug_ranges  0x00000208       0x40 ./My_Include/03-MCAL/MUSART/MUSART_Program.o
 .debug_ranges  0x00000248       0x78 ./My_Include/03-MCAL/MSTK/MSTK_Program.o
 .debug_ranges  0x000002c0       0x38 ./My_Include/03-MCAL/MRCC/MRCC_Program.o
 .debug_ranges  0x000002f8       0x48 ./My_Include/03-MCAL/MGPIO/MGPIO_Program.o

.debug_macro    0x00000000     0x37bd
 .debug_macro   0x00000000      0x1ae ./system/src/newlib/exit.o
 .debug_macro   0x000001ae      0x163 ./system/src/newlib/sbrk.o
 .debug_macro   0x00000311       0x10 ./system/src/newlib/sbrk.o
 .debug_macro   0x00000321      0x23b ./system/src/newlib/sbrk.o
 .debug_macro   0x0000055c      0x15f ./system/src/newlib/startup.o
 .debug_macro   0x000006bb      0xa84 ./system/src/newlib/startup.o
 .debug_macro   0x0000113f      0x220 ./system/src/newlib/syscalls.o
 .debug_macro   0x0000135f       0x1c ./system/src/newlib/syscalls.o
 .debug_macro   0x0000137b       0x10 ./system/src/newlib/syscalls.o
 .debug_macro   0x0000138b       0x10 ./system/src/newlib/syscalls.o
 .debug_macro   0x0000139b       0x10 ./system/src/newlib/syscalls.o
 .debug_macro   0x000013ab       0x35 ./system/src/newlib/syscalls.o
 .debug_macro   0x000013e0      0x12c ./system/src/newlib/syscalls.o
 .debug_macro   0x0000150c       0xce ./system/src/newlib/syscalls.o
 .debug_macro   0x000015da       0x7c ./system/src/newlib/syscalls.o
 .debug_macro   0x00001656       0x17 ./system/src/newlib/syscalls.o
 .debug_macro   0x0000166d      0x118 ./system/src/newlib/syscalls.o
 .debug_macro   0x00001785      0x189 ./system/src/newlib/syscalls.o
 .debug_macro   0x0000190e       0x16 ./system/src/newlib/syscalls.o
 .debug_macro   0x00001924      0x4e6 ./system/src/diag/trace-impl.o
 .debug_macro   0x00001e0a       0x10 ./system/src/diag/trace-impl.o
 .debug_macro   0x00001e1a       0x22 ./system/src/diag/trace-impl.o
 .debug_macro   0x00001e3c      0x1f5 ./system/src/diag/trace.o
 .debug_macro   0x00002031       0x16 ./system/src/diag/trace.o
 .debug_macro   0x00002047       0x97 ./system/src/diag/trace.o
 .debug_macro   0x000020de       0xfd ./system/src/diag/trace.o
 .debug_macro   0x000021db       0x10 ./system/src/diag/trace.o
 .debug_macro   0x000021eb       0x16 ./system/src/diag/trace.o
 .debug_macro   0x00002201      0x16f ./system/src/diag/trace.o
 .debug_macro   0x00002370       0x4c ./system/src/diag/trace.o
 .debug_macro   0x000023bc       0x16 ./system/src/diag/trace.o
 .debug_macro   0x000023d2      0x544 ./system/src/cortexm/exception-handlers.o
 .debug_macro   0x00002916       0x10 ./system/src/cortexm/exception-handlers.o
 .debug_macro   0x00002926      0x390 ./system/src/cortexm/initialize-hardware.o
 .debug_macro   0x00002cb6      0x38c ./system/src/cmsis/system_stm32f4xx.o
 .debug_macro   0x00003042       0x34 ./system/src/cmsis/vectors_stm32f401xc.o
 .debug_macro   0x00003076       0x5b ./src/main.o
 .debug_macro   0x000030d1       0x2e ./src/main.o
 .debug_macro   0x000030ff       0x1c ./src/main.o
 .debug_macro   0x0000311b       0x3e ./My_Include/03-MCAL/MUSART/MUSART_Program.o
 .debug_macro   0x00003159       0xed ./My_Include/03-MCAL/MUSART/MUSART_Program.o
 .debug_macro   0x00003246      0x139 ./My_Include/03-MCAL/MUSART/MUSART_Program.o
 .debug_macro   0x0000337f       0x3f ./My_Include/03-MCAL/MSTK/MSTK_Program.o
 .debug_macro   0x000033be       0x46 ./My_Include/03-MCAL/MSTK/MSTK_Program.o
 .debug_macro   0x00003404       0x10 ./My_Include/03-MCAL/MSTK/MSTK_Program.o
 .debug_macro   0x00003414       0x3e ./My_Include/03-MCAL/MRCC/MRCC_Program.o
 .debug_macro   0x00003452       0x10 ./My_Include/03-MCAL/MRCC/MRCC_Program.o
 .debug_macro   0x00003462      0x100 ./My_Include/03-MCAL/MRCC/MRCC_Program.o
 .debug_macro   0x00003562       0x88 ./My_Include/03-MCAL/MRCC/MRCC_Program.o
 .debug_macro   0x000035ea       0x3f ./My_Include/03-MCAL/MGPIO/MGPIO_Program.o
 .debug_macro   0x00003629      0x136 ./My_Include/03-MCAL/MGPIO/MGPIO_Program.o
 .debug_macro   0x0000375f       0x5e ./My_Include/03-MCAL/MGPIO/MGPIO_Program.o
